Microchip MPLAB XC8 Compiler V2.32

Linker command line:

-W-3 --edf=C:\Program Files\Microchip\xc8\v2.32\pic\dat\en_msgs.txt -cn \
  -h+dist/default/production\LIGHT_ALARM.X.production.sym \
  --cmf=dist/default/production\LIGHT_ALARM.X.production.cmf -z -Q16F1827 \
  -oC:\Users\kealy\AppData\Local\Temp\xcAs70g.4 --defsym=__MPLAB_BUILD=1 \
  -Mdist/default/production/LIGHT_ALARM.X.production.map -E1 \
  -ver=XC8 Compiler --acfsm=1493 -ASTACK=020C8h-0216Fh -pstack=STACK \
  -ACODE=00h-07FFhx2 -ASTRCODE=00h-0FFFh -ASTRING=00h-0FFhx16 \
  -ACONST=00h-0FFhx16 -AENTRY=00h-0FFhx16 -ACOMMON=070h-07Fh \
  -ABANK0=020h-06Fh -ABANK1=0A0h-0EFh -ABANK2=0120h-016Fh \
  -ABANK3=01A0h-01EFh -ABANK4=0220h-024Fh -ABIGRAM=02000h-0216Fh \
  -ARAM=020h-06Fh,0A0h-0EFh,0120h-016Fh,01A0h-01EFh,0220h-024Fh \
  -AABS1=020h-07Fh,0A0h-0EFh,0120h-016Fh,01A0h-01EFh,0220h-024Fh \
  -ASFR0=00h-01Fh -ASFR1=080h-09Fh -ASFR2=0100h-011Fh -ASFR3=0180h-019Fh \
  -ASFR4=0200h-021Fh -ASFR5=0280h-02EFh -ASFR6=0300h-036Fh \
  -ASFR7=0380h-03EFh -ASFR8=0400h-046Fh -ASFR9=0480h-04EFh \
  -ASFR10=0500h-056Fh -ASFR11=0580h-05EFh -ASFR12=0600h-066Fh \
  -ASFR13=0680h-06EFh -ASFR14=0700h-076Fh -ASFR15=0780h-07EFh \
  -ASFR16=0800h-086Fh -ASFR17=0880h-08EFh -ASFR18=0900h-096Fh \
  -ASFR19=0980h-09EFh -ASFR20=0A00h-0A6Fh -ASFR21=0A80h-0AEFh \
  -ASFR22=0B00h-0B6Fh -ASFR23=0B80h-0BEFh -ASFR24=0C00h-0C6Fh \
  -ASFR25=0C80h-0CEFh -ASFR26=0D00h-0D6Fh -ASFR27=0D80h-0DEFh \
  -ASFR28=0E00h-0E6Fh -ASFR29=0E80h-0EEFh -ASFR30=0F00h-0F6Fh \
  -ASFR31=0F80h-0FEFh -ACONFIG=08007h-08008h -DCONFIG=2 \
  -AIDLOC=08000h-08003h -DIDLOC=2 -AEEDATA=00h-0FFh/0F000h \
  -peeprom_data=EEDATA -DEEDATA=2 -DCODE=2 -DSTRCODE=2 -DSTRING=2 -DCONST=2 \
  -DENTRY=2 -preset_vec=00h,intentry=04h,init,end_init -ppowerup=CODE \
  -pcinit=CODE -pfunctab=ENTRY -k \
  C:\Users\kealy\AppData\Local\Temp\xcAs70g.o \
  dist/default/production\LIGHT_ALARM.X.production.o 

Object code version is 3.11

Machine type is 16F1827



                Name                               Link     Load   Length Selector   Space Scale
C:\Users\kealy\AppData\Local\Temp\xcAs70g.o
                end_init                             2E       2E        2        8       0
                reset_vec                             0        0        2        0       0
                config                             8007     8007        2        0       4
dist/default/production\LIGHT_ALARM.X.production.o
                cinit                                30       30       15        8       0
                intentry                              4        4       2A        8       0
                config                             8007     8007        2        0       4
                text89                              EB3      EB3       1B     1D66       0
                text88                              C68      C68        4     18D0       0
                text87                              C4A      C4A        1     1894       0
                text86                              C6C      C6C        4     18D8       0
                text85                              704      704       39        8       0
                text84                              EEA      EEA       21     1DD4       0
                text82                              DFC      DFC       13     1BF8       0
                text81                              E22      E22       15     1C44       0
                text80                              F2E      F2E       26     1E5C       0
                text79                              CF0      CF0        8     19E0       0
                text78                              CB3      CB3        6     1966       0
                text77                              CB9      CB9        6     1972       0
                text76                              CBF      CBF        6     197E       0
                text75                              CC5      CC5        6     198A       0
                text74                              CCB      CCB        6     1996       0
                text73                              68C      68C       3E        8       0
                text72                              D00      D00        9     1A00       0
                text71                              D12      D12        C     1A24       0
                text70                              E37      E37       18     1C6E       0
                text69                              C70      C70        4     18E0       0
                text68                              E0F      E0F       13     1C1E       0
                text67                              C4D      C4D        3     189A       0
                text66                              C50      C50        3     18A0       0
                text65                              C53      C53        3     18A6       0
                text64                              ECE      ECE       1C     1D9C       0
                text63                              C56      C56        3     18AC       0
                text62                              C59      C59        3     18B2       0
                text61                              C5C      C5C        3     18B8       0
                text60                              D52      D52       10     1AA4       0
                text59                              F54      F54       26     1EA8       0
                text58                              D1E      D1E        D     1A3C       0
                text57                              D62      D62       11     1AC4       0
                text56                              D73      D73       11     1AE6       0
                text55                              D84      D84       11     1B08       0
                text54                              D95      D95       11     1B2A       0
                text53                              DA6      DA6       11     1B4C       0
                text52                              E4F      E4F       18     1C9E       0
                text51                              DB7      DB7       11     1B6E       0
                text50                              DC8      DC8       11     1B90       0
                text49                              DD9      DD9       11     1BB2       0
                text48                              E67      E67       18     1CCE       0
                text47                              C4B      C4B        2     1896       0
                text46                                2        2        2        0       0
                text45                              C5F      C5F        3     18BE       0
                text44                              C74      C74        4     18E8       0
                text43                              C62      C62        3     18C4       0
                text42                              C78      C78        4     18F0       0
                text41                              C7C      C7C        5     18F8       0
                text40                              CD1      CD1        6     19A2       0
                text39                              C65      C65        3     18CA       0
                text38                              771      771       32      EE2       0
                text37                              C81      C81        5     1902       0
                text36                              D09      D09        9     1A12       0
                text35                              CF8      CF8        8     19F0       0
                text34                              55A      55A       57        8       0
                text33                              601      601       4C        8       0
                text32                              CE9      CE9        7     19D2       0
                text31                              C86      C86        5     190C       0
                text30                              C8B      C8B        5     1916       0
                text29                              C90      C90        5     1920       0
                text28                              C95      C95        5     192A       0
                text27                              C9A      C9A        5     1934       0
                text26                              C9F      C9F        5     193E       0
                text25                              CA4      CA4        5     1948       0
                text24                              CA9      CA9        5     1952       0
                text23                              FD0      FD0       30     1FA0       0
                text22                              FA2      FA2       2E     1F44       0
                text21                              CD7      CD7        6     19AE       0
                text20                              D2B      D2B        D     1A56       0
                text19                              F0B      F0B       23     1E16       0
                text18                              CAE      CAE        5     195C       0
                text17                              D38      D38        D     1A70       0
                text16                              6CA      6CA       3A        8       0
                text15                              D45      D45        D     1A8A       0
                text14                              5B1      5B1       50        8       0
                text13                              1B5      1B5      101        8       0
                text12                              2B6      2B6       EA        8       0
                text11                              E7F      E7F       1A     1CFE       0
                text10                              F7A      F7A       28     1EF4       0
                text9                               CDD      CDD        6     19BA       0
                text8                               64D      64D       3F        8       0
                text7                               7D4      7D4       29      EE2       0
                text6                               E99      E99       1A     1D32       0
                text5                               501      501       59        8       0
                text4                                45       45      170        8       0
                text3                               3A0      3A0       DB        8       0
                text2                               7A3      7A3       31      EE2       0
                text1                               DEA      DEA       12     1BD4       0
                maintext                            47B      47B       86        8       0
                cstackBANK0                          20       20       4F       20       1
                cstackCOMMON                         70       70        C       70       1
                cstackBANK1                          E7       E7        8       A0       1
                clrtext                             CE3      CE3        6     19C6       0
                bssBANK2                            120      120       28      120       1
                bssBANK1                             A0       A0       47       A0       1
                bssCOMMON                            7C       7C        1       70       1
                stringtext4                         819      819        C      FFA       0
                stringtext3                         80B      80B        E      FFA       0
                stringtext2                         7FD      7FD        E      FFA       0
                stringtext1                         73D      73D       34      E7A       0

TOTAL           Name                               Link     Load   Length     Space
        CLASS   STACK          

        CLASS   CODE           
                end_init                             2E       2E        2         0
                cinit                                30       30       15         0
                intentry                              4        4       2A         0
                reset_vec                             0        0        2         0
                text89                              EB3      EB3       1B         0
                text88                              C68      C68        4         0
                text87                              C4A      C4A        1         0
                text86                              C6C      C6C        4         0
                text85                              704      704       39         0
                text84                              EEA      EEA       21         0
                text82                              DFC      DFC       13         0
                text81                              E22      E22       15         0
                text80                              F2E      F2E       26         0
                text79                              CF0      CF0        8         0
                text78                              CB3      CB3        6         0
                text77                              CB9      CB9        6         0
                text76                              CBF      CBF        6         0
                text75                              CC5      CC5        6         0
                text74                              CCB      CCB        6         0
                text73                              68C      68C       3E         0
                text72                              D00      D00        9         0
                text71                              D12      D12        C         0
                text70                              E37      E37       18         0
                text69                              C70      C70        4         0
                text68                              E0F      E0F       13         0
                text67                              C4D      C4D        3         0
                text66                              C50      C50        3         0
                text65                              C53      C53        3         0
                text64                              ECE      ECE       1C         0
                text63                              C56      C56        3         0
                text62                              C59      C59        3         0
                text61                              C5C      C5C        3         0
                text60                              D52      D52       10         0
                text59                              F54      F54       26         0
                text58                              D1E      D1E        D         0
                text57                              D62      D62       11         0
                text56                              D73      D73       11         0
                text55                              D84      D84       11         0
                text54                              D95      D95       11         0
                text53                              DA6      DA6       11         0
                text52                              E4F      E4F       18         0
                text51                              DB7      DB7       11         0
                text50                              DC8      DC8       11         0
                text49                              DD9      DD9       11         0
                text48                              E67      E67       18         0
                text47                              C4B      C4B        2         0
                text46                                2        2        2         0
                text45                              C5F      C5F        3         0
                text44                              C74      C74        4         0
                text43                              C62      C62        3         0
                text42                              C78      C78        4         0
                text41                              C7C      C7C        5         0
                text40                              CD1      CD1        6         0
                text39                              C65      C65        3         0
                text38                              771      771       32         0
                text37                              C81      C81        5         0
                text36                              D09      D09        9         0
                text35                              CF8      CF8        8         0
                text34                              55A      55A       57         0
                text33                              601      601       4C         0
                text32                              CE9      CE9        7         0
                text31                              C86      C86        5         0
                text30                              C8B      C8B        5         0
                text29                              C90      C90        5         0
                text28                              C95      C95        5         0
                text27                              C9A      C9A        5         0
                text26                              C9F      C9F        5         0
                text25                              CA4      CA4        5         0
                text24                              CA9      CA9        5         0
                text23                              FD0      FD0       30         0
                text22                              FA2      FA2       2E         0
                text21                              CD7      CD7        6         0
                text20                              D2B      D2B        D         0
                text19                              F0B      F0B       23         0
                text18                              CAE      CAE        5         0
                text17                              D38      D38        D         0
                text16                              6CA      6CA       3A         0
                text15                              D45      D45        D         0
                text14                              5B1      5B1       50         0
                text13                              1B5      1B5      101         0
                text12                              2B6      2B6       EA         0
                text11                              E7F      E7F       1A         0
                text10                              F7A      F7A       28         0
                text9                               CDD      CDD        6         0
                text8                               64D      64D       3F         0
                text7                               7D4      7D4       29         0
                text6                               E99      E99       1A         0
                text5                               501      501       59         0
                text4                                45       45      170         0
                text3                               3A0      3A0       DB         0
                text2                               7A3      7A3       31         0
                text1                               DEA      DEA       12         0
                maintext                            47B      47B       86         0
                clrtext                             CE3      CE3        6         0

        CLASS   STRCODE        
                stringtext4                         819      819        C         0
                stringtext3                         80B      80B        E         0
                stringtext2                         7FD      7FD        E         0
                stringtext1                         73D      73D       34         0

        CLASS   STRING         

        CLASS   CONST          

        CLASS   ENTRY          

        CLASS   COMMON         
                cstackCOMMON                         70       70        C         1
                bssCOMMON                            7C       7C        1         1

        CLASS   BANK0          
                cstackBANK0                          20       20       4F         1

        CLASS   BANK1          
                cstackBANK1                          E7       E7        8         1
                bssBANK1                             A0       A0       47         1

        CLASS   BANK2          
                bssBANK2                            120      120       28         1

        CLASS   BANK3          

        CLASS   BANK4          

        CLASS   BIGRAM         

        CLASS   RAM            

        CLASS   ABS1           
                abs_s1                               7E       7E        2         1

        CLASS   SFR0           

        CLASS   SFR1           

        CLASS   SFR2           

        CLASS   SFR3           

        CLASS   SFR4           

        CLASS   SFR5           

        CLASS   SFR6           

        CLASS   SFR7           

        CLASS   SFR8           

        CLASS   SFR9           

        CLASS   SFR10          

        CLASS   SFR11          

        CLASS   SFR12          

        CLASS   SFR13          

        CLASS   SFR14          

        CLASS   SFR15          

        CLASS   SFR16          

        CLASS   SFR17          

        CLASS   SFR18          

        CLASS   SFR19          

        CLASS   SFR20          

        CLASS   SFR21          

        CLASS   SFR22          

        CLASS   SFR23          

        CLASS   SFR24          

        CLASS   SFR25          

        CLASS   SFR26          

        CLASS   SFR27          

        CLASS   SFR28          

        CLASS   SFR29          

        CLASS   SFR30          

        CLASS   SFR31          

        CLASS   CONFIG         
                config                             8007     8007        2         4

        CLASS   IDLOC          

        CLASS   EEDATA         

        CLASS   BANK31         

        CLASS   BANK30         

        CLASS   BANK29         

        CLASS   BANK28         

        CLASS   BANK27         

        CLASS   BANK26         

        CLASS   BANK25         

        CLASS   BANK24         

        CLASS   BANK23         

        CLASS   BANK22         

        CLASS   BANK21         

        CLASS   BANK20         

        CLASS   BANK19         

        CLASS   BANK18         

        CLASS   BANK17         

        CLASS   BANK16         

        CLASS   BANK15         

        CLASS   BANK14         

        CLASS   BANK13         

        CLASS   BANK12         

        CLASS   BANK11         

        CLASS   BANK10         

        CLASS   BANK9          

        CLASS   BANK8          

        CLASS   BANK7          

        CLASS   BANK6          

        CLASS   BANK5          



SEGMENTS        Name                           Load    Length   Top    Selector   Space  Class     Delta

                reset_vec                      000000  000004  000004         0       0  CODE        2
                intentry                       000004  000739  00073D         8       0  CODE        2
                cstackBANK0                    000020  00004F  00006F        20       1  BANK0       1
                cstackCOMMON                   000070  00000D  00007D        70       1  COMMON      1
                bssBANK1                       0000A0  00004F  0000EF        A0       1  BANK1       1
                bssBANK2                       000120  000028  000148       120       1  BANK2       1
                stringtext1                    00073D  000034  000771       E7A       0  STRCODE     2
                text38                         000771  00008C  0007FD       EE2       0  CODE        2
                stringtext2                    0007FD  000028  000825       FFA       0  STRCODE     2
                text87                         000C4A  000001  000C4B      1894       0  CODE        2
                text47                         000C4B  000002  000C4D      1896       0  CODE        2
                text67                         000C4D  000003  000C50      189A       0  CODE        2
                text66                         000C50  000003  000C53      18A0       0  CODE        2
                text65                         000C53  000003  000C56      18A6       0  CODE        2
                text63                         000C56  000003  000C59      18AC       0  CODE        2
                text62                         000C59  000003  000C5C      18B2       0  CODE        2
                text61                         000C5C  000003  000C5F      18B8       0  CODE        2
                text45                         000C5F  000003  000C62      18BE       0  CODE        2
                text43                         000C62  000003  000C65      18C4       0  CODE        2
                text39                         000C65  000003  000C68      18CA       0  CODE        2
                text88                         000C68  000004  000C6C      18D0       0  CODE        2
                text86                         000C6C  000004  000C70      18D8       0  CODE        2
                text69                         000C70  000004  000C74      18E0       0  CODE        2
                text44                         000C74  000004  000C78      18E8       0  CODE        2
                text42                         000C78  000004  000C7C      18F0       0  CODE        2
                text41                         000C7C  000005  000C81      18F8       0  CODE        2
                text37                         000C81  000005  000C86      1902       0  CODE        2
                text31                         000C86  000005  000C8B      190C       0  CODE        2
                text30                         000C8B  000005  000C90      1916       0  CODE        2
                text29                         000C90  000005  000C95      1920       0  CODE        2
                text28                         000C95  000005  000C9A      192A       0  CODE        2
                text27                         000C9A  000005  000C9F      1934       0  CODE        2
                text26                         000C9F  000005  000CA4      193E       0  CODE        2
                text25                         000CA4  000005  000CA9      1948       0  CODE        2
                text24                         000CA9  000005  000CAE      1952       0  CODE        2
                text18                         000CAE  000005  000CB3      195C       0  CODE        2
                text78                         000CB3  000006  000CB9      1966       0  CODE        2
                text77                         000CB9  000006  000CBF      1972       0  CODE        2
                text76                         000CBF  000006  000CC5      197E       0  CODE        2
                text75                         000CC5  000006  000CCB      198A       0  CODE        2
                text74                         000CCB  000006  000CD1      1996       0  CODE        2
                text40                         000CD1  000006  000CD7      19A2       0  CODE        2
                text21                         000CD7  000006  000CDD      19AE       0  CODE        2
                text9                          000CDD  000006  000CE3      19BA       0  CODE        2
                clrtext                        000CE3  000006  000CE9      19C6       0  CODE        2
                text32                         000CE9  000007  000CF0      19D2       0  CODE        2
                text79                         000CF0  000008  000CF8      19E0       0  CODE        2
                text35                         000CF8  000008  000D00      19F0       0  CODE        2
                text72                         000D00  000009  000D09      1A00       0  CODE        2
                text36                         000D09  000009  000D12      1A12       0  CODE        2
                text71                         000D12  00000C  000D1E      1A24       0  CODE        2
                text58                         000D1E  00000D  000D2B      1A3C       0  CODE        2
                text20                         000D2B  00000D  000D38      1A56       0  CODE        2
                text17                         000D38  00000D  000D45      1A70       0  CODE        2
                text15                         000D45  00000D  000D52      1A8A       0  CODE        2
                text60                         000D52  000010  000D62      1AA4       0  CODE        2
                text57                         000D62  000011  000D73      1AC4       0  CODE        2
                text56                         000D73  000011  000D84      1AE6       0  CODE        2
                text55                         000D84  000011  000D95      1B08       0  CODE        2
                text54                         000D95  000011  000DA6      1B2A       0  CODE        2
                text53                         000DA6  000011  000DB7      1B4C       0  CODE        2
                text51                         000DB7  000011  000DC8      1B6E       0  CODE        2
                text50                         000DC8  000011  000DD9      1B90       0  CODE        2
                text49                         000DD9  000011  000DEA      1BB2       0  CODE        2
                text1                          000DEA  000012  000DFC      1BD4       0  CODE        2
                text82                         000DFC  000013  000E0F      1BF8       0  CODE        2
                text68                         000E0F  000013  000E22      1C1E       0  CODE        2
                text81                         000E22  000015  000E37      1C44       0  CODE        2
                text70                         000E37  000018  000E4F      1C6E       0  CODE        2
                text52                         000E4F  000018  000E67      1C9E       0  CODE        2
                text48                         000E67  000018  000E7F      1CCE       0  CODE        2
                text11                         000E7F  00001A  000E99      1CFE       0  CODE        2
                text6                          000E99  00001A  000EB3      1D32       0  CODE        2
                text89                         000EB3  00001B  000ECE      1D66       0  CODE        2
                text64                         000ECE  00001C  000EEA      1D9C       0  CODE        2
                text84                         000EEA  000021  000F0B      1DD4       0  CODE        2
                text19                         000F0B  000023  000F2E      1E16       0  CODE        2
                text80                         000F2E  000026  000F54      1E5C       0  CODE        2
                text59                         000F54  000026  000F7A      1EA8       0  CODE        2
                text10                         000F7A  000028  000FA2      1EF4       0  CODE        2
                text22                         000FA2  00002E  000FD0      1F44       0  CODE        2
                text23                         000FD0  000030  001000      1FA0       0  CODE        2


UNUSED ADDRESS RANGES

        Name                Unused          Largest block    Delta
        BANK0            0006F-0006F               1           1
        BANK1            000EF-000EF               1           1
        BANK2            00148-0016F              28           1
        BANK3            001A0-001EF              50           1
        BANK4            00220-0024F              30           1
        BIGRAM           02000-0216F             170           1
        CODE             00825-00C49             425           2
        COMMON           0007D-0007D               1           1
        CONST            00825-00C49             100           2
        EEDATA           0F000-0F0FF             100           2
        ENTRY            00825-00C49             100           2
        IDLOC            08000-08003               4           2
        RAM              0006F-0006F               1           1
                         000EF-000EF               1
                         00148-0016F              28
                         001A0-001EF              50
                         00220-0024F              30
        SFR0             00000-0001F              20           1
        SFR1             00080-0009F              20           1
        SFR10            00500-0056F              70           1
        SFR11            00580-005EF              70           1
        SFR12            00600-0066F              70           1
        SFR13            00680-006EF              70           1
        SFR14            00700-0076F              70           1
        SFR15            00780-007EF              70           1
        SFR16            00800-0086F              70           1
        SFR17            00880-008EF              70           1
        SFR18            00900-0096F              70           1
        SFR19            00980-009EF              70           1
        SFR2             00100-0011F              20           1
        SFR20            00A00-00A6F              70           1
        SFR21            00A80-00AEF              70           1
        SFR22            00B00-00B6F              70           1
        SFR23            00B80-00BEF              70           1
        SFR24            00C00-00C6F              70           1
        SFR25            00C80-00CEF              70           1
        SFR26            00D00-00D6F              70           1
        SFR27            00D80-00DEF              70           1
        SFR28            00E00-00E6F              70           1
        SFR29            00E80-00EEF              70           1
        SFR3             00180-0019F              20           1
        SFR30            00F00-00F6F              70           1
        SFR31            00F80-00FEF              70           1
        SFR4             00200-0021F              20           1
        SFR5             00280-002EF              70           1
        SFR6             00300-0036F              70           1
        SFR7             00380-003EF              70           1
        SFR8             00400-0046F              70           1
        SFR9             00480-004EF              70           1
        STACK            020C8-0216F              A8           1
        STRCODE          00825-00C49             425           2
        STRING           00825-00C49             100           2

                                  Symbol Table

?_BIT2HOUR                                                 cstackCOMMON 00071
?_BIT2SECMIN                                               cstackCOMMON 00075
?___aodiv                                                  cstackBANK0  00020
?___aomod                                                  cstackBANK0  00020
?_abs                                                      cstackCOMMON 00074
?_dtoa                                                     cstackBANK0  00031
?_pad                                                      cstackBANK0  00028
?_printf                                                   cstackBANK0  00067
?_strlen                                                   cstackCOMMON 00071
?_vfpfcnvrt                                                cstackBANK0  0004F
?_vfprintf                                                 cstackBANK0  0005F
BIT2HOUR@H                                                 cstackCOMMON 00074
BIT2HOUR@time                                              cstackCOMMON 00076
BIT2HOUR@timeReturn                                        cstackCOMMON 00075
BIT2SECMIN@H                                               cstackBANK0  00021
BIT2SECMIN@time                                            cstackBANK0  00022
BIT2SECMIN@timeReturn                                      cstackBANK0  00020
EUSART_SetErrorHandler@interruptHandler                    cstackCOMMON 00071
EUSART_SetFramingErrorHandler@interruptHandler             cstackCOMMON 00071
EUSART_SetOverrunErrorHandler@interruptHandler             cstackCOMMON 00071
EUSART_SetRxInterruptHandler@interruptHandler              cstackCOMMON 00071
EUSART_SetTxInterruptHandler@interruptHandler              cstackCOMMON 00071
EUSART_Write@txData                                        cstackCOMMON 00072
I2C1_CallbackReturnReset@funPtr                            cstackCOMMON 0007A
I2C1_Close@returnValue                                     cstackCOMMON 00072
I2C1_MasterOperation@read                                  cstackBANK0  00026
I2C1_MasterOperation@returnValue                           cstackBANK0  00027
I2C1_MasterSendTxData@data                                 cstackCOMMON 00071
I2C1_Open@address                                          cstackCOMMON 00072
I2C1_Open@returnValue                                      cstackCOMMON 00073
I2C1_SetAddressNackCallback@cb                             cstackCOMMON 00076
I2C1_SetAddressNackCallback@ptr                            cstackCOMMON 00078
I2C1_SetBuffer@buffer                                      cstackCOMMON 00074
I2C1_SetBuffer@bufferSize                                  cstackCOMMON 00071
I2C1_SetCallback@cb                                        cstackCOMMON 00071
I2C1_SetCallback@idx                                       cstackCOMMON 00075
I2C1_SetCallback@ptr                                       cstackCOMMON 00073
I2C1_SetDataCompleteCallback@cb                            cstackCOMMON 00076
I2C1_SetDataCompleteCallback@ptr                           cstackCOMMON 00078
_ADCON0                                                    (abs)        0009D
_ADCON0bits                                                (abs)        0009D
_ADCON1                                                    (abs)        0009E
_ADC_Initialize                                            text79       00CF0
_ADRESH                                                    (abs)        0009C
_ADRESL                                                    (abs)        0009B
_ANSELA                                                    (abs)        0018C
_ANSELB                                                    (abs)        0018D
_APFCON0                                                   (abs)        0011D
_APFCON1                                                   (abs)        0011E
_BAUDCON                                                   (abs)        0019F
_BIT2HOUR                                                  text82       00DFC
_BIT2SECMIN                                                text80       00F2E
_BORCON                                                    (abs)        00116
_EUSART_DefaultErrorHandler                                text88       00C68
_EUSART_DefaultFramingErrorHandler                         text87       00C4A
_EUSART_DefaultOverrunErrorHandler                         text86       00C6C
_EUSART_ErrorHandler                                       bssBANK1     000D5
_EUSART_FramingErrorHandler                                bssBANK1     000D9
_EUSART_Initialize                                         text73       0068C
_EUSART_OverrunErrorHandler                                bssBANK1     000D7
_EUSART_Receive_ISR                                        text85       00704
_EUSART_RxDataHandler                                      text89       00EB3
_EUSART_RxDefaultInterruptHandler                          bssBANK1     000DB
_EUSART_SetErrorHandler                                    text78       00CB3
_EUSART_SetFramingErrorHandler                             text77       00CB9
_EUSART_SetOverrunErrorHandler                             text76       00CBF
_EUSART_SetRxInterruptHandler                              text75       00CC5
_EUSART_SetTxInterruptHandler                              text74       00CCB
_EUSART_Transmit_ISR                                       text84       00EEA
_EUSART_TxDefaultInterruptHandler                          bssBANK1     000DD
_EUSART_Write                                              text10       00F7A
_I2C1_CallbackReturnReset                                  text46       00002
_I2C1_CallbackReturnStop                                   text47       00C4B
_I2C1_Close                                                text64       00ECE
_I2C1_DO_ADDRESS_NACK                                      text23       00FD0
_I2C1_DO_IDLE                                              text37       00C81
_I2C1_DO_RCEN                                              text32       00CE9
_I2C1_DO_RESET                                             text24       00CA9
_I2C1_DO_RX                                                text33       00601
_I2C1_DO_RX_ACK                                            text27       00C9A
_I2C1_DO_RX_NACK_RESTART                                   text25       00CA4
_I2C1_DO_RX_NACK_STOP                                      text26       00C9F
_I2C1_DO_SEND_ADR_READ                                     text36       00D09
_I2C1_DO_SEND_ADR_WRITE                                    text35       00CF8
_I2C1_DO_SEND_RESTART                                      text29       00C90
_I2C1_DO_SEND_RESTART_READ                                 text31       00C86
_I2C1_DO_SEND_RESTART_WRITE                                text30       00C8B
_I2C1_DO_SEND_STOP                                         text28       00C95
_I2C1_DO_TX                                                text34       0055A
_I2C1_DO_TX_EMPTY                                          text38       00771
_I2C1_Initialize                                           text72       00D00
_I2C1_MasterClearIrq                                       text67       00C4D
_I2C1_MasterClose                                          text66       00C50
_I2C1_MasterDisableIrq                                     text65       00C53
_I2C1_MasterEnableRestart                                  text62       00C59
_I2C1_MasterFsm                                            text22       00FA2
_I2C1_MasterGetRxData                                      text43       00C62
_I2C1_MasterIsNack                                         text40       00CD1
_I2C1_MasterOpen                                           text17       00D38
_I2C1_MasterOperation                                      text19       00F0B
_I2C1_MasterSendAck                                        text42       00C78
_I2C1_MasterSendNack                                       text44       00C74
_I2C1_MasterSendTxData                                     text41       00C7C
_I2C1_MasterSetIrq                                         text39       00C65
_I2C1_MasterStart                                          text63       00C56
_I2C1_MasterStartRx                                        text45       00C5F
_I2C1_MasterStop                                           text61       00C5C
_I2C1_MasterWaitForEvent                                   text21       00CD7
_I2C1_MasterWrite                                          text18       00CAE
_I2C1_Open                                                 text16       006CA
_I2C1_Poller                                               text20       00D2B
_I2C1_SetAddressNackCallback                               text15       00D45
_I2C1_SetBuffer                                            text60       00D52
_I2C1_SetCallback                                          text59       00F54
_I2C1_SetDataCompleteCallback                              text58       00D1E
_I2C1_Status                                               bssBANK1     000A0
_INTCONbits                                                (abs)        0000B
_INTERRUPT_InterruptManager                                intentry     00004
_LATA                                                      (abs)        0010C
_LATB                                                      (abs)        0010D
_OPTION_REGbits                                            (abs)        00095
_OSCCON                                                    (abs)        00099
_OSCILLATOR_Initialize                                     text71       00D12
_OSCTUNE                                                   (abs)        00098
_PIE1bits                                                  (abs)        00091
_PIN_MANAGER_Initialize                                    text70       00E37
_PIR1bits                                                  (abs)        00011
_PIR2bits                                                  (abs)        00012
_PLLR                                                      (abs)        004D6
_RB0                                                       (abs)        00068
_RCREG                                                     (abs)        00199
_RCSTA                                                     (abs)        0019D
_RCSTAbits                                                 (abs)        0019D
_SPBRGH                                                    (abs)        0019C
_SPBRGL                                                    (abs)        0019B
_SSP1ADD                                                   (abs)        00212
_SSP1BUF                                                   (abs)        00211
_SSP1CON1                                                  (abs)        00215
_SSP1CON1bits                                              (abs)        00215
_SSP1CON2                                                  (abs)        00216
_SSP1CON2bits                                              (abs)        00216
_SSP1STAT                                                  (abs)        00214
_SSP1STATbits                                              (abs)        00214
_SYSTEM_Initialize                                         text68       00E0F
_TRISA                                                     (abs)        0008C
_TRISB                                                     (abs)        0008D
_TRISB0                                                    (abs)        00468
_TXREG                                                     (abs)        0019A
_TXSTA                                                     (abs)        0019E
_TXSTAbits                                                 (abs)        0019E
_WDTCON                                                    (abs)        00097
_WDT_Initialize                                            text69       00C70
_WPUA                                                      (abs)        0020C
_WPUB                                                      (abs)        0020D
__Habs1                                                    abs1         00000
__Hbank0                                                   bank0        00000
__Hbank1                                                   bank1        00000
__Hbank10                                                  bank10       00000
__Hbank11                                                  bank11       00000
__Hbank12                                                  bank12       00000
__Hbank13                                                  bank13       00000
__Hbank14                                                  bank14       00000
__Hbank15                                                  bank15       00000
__Hbank16                                                  bank16       00000
__Hbank17                                                  bank17       00000
__Hbank18                                                  bank18       00000
__Hbank19                                                  bank19       00000
__Hbank2                                                   bank2        00000
__Hbank20                                                  bank20       00000
__Hbank21                                                  bank21       00000
__Hbank22                                                  bank22       00000
__Hbank23                                                  bank23       00000
__Hbank24                                                  bank24       00000
__Hbank25                                                  bank25       00000
__Hbank26                                                  bank26       00000
__Hbank27                                                  bank27       00000
__Hbank28                                                  bank28       00000
__Hbank29                                                  bank29       00000
__Hbank3                                                   bank3        00000
__Hbank30                                                  bank30       00000
__Hbank31                                                  bank31       00000
__Hbank4                                                   bank4        00000
__Hbank5                                                   bank5        00000
__Hbank6                                                   bank6        00000
__Hbank7                                                   bank7        00000
__Hbank8                                                   bank8        00000
__Hbank9                                                   bank9        00000
__Hbigram                                                  bigram       00000
__HbssBANK1                                                bssBANK1     00000
__HbssBANK2                                                bssBANK2     00000
__HbssCOMMON                                               bssCOMMON    00000
__Hcinit                                                   cinit        00045
__Hclrtext                                                 clrtext      00000
__Hcode                                                    code         00000
__Hcommon                                                  common       00000
__Hconfig                                                  config       08009
__HcstackBANK0                                             cstackBANK0  00000
__HcstackBANK1                                             cstackBANK1  00000
__HcstackCOMMON                                            cstackCOMMON 00000
__Heeprom_data                                             eeprom_data  00000
__Hend_init                                                end_init     00030
__Hfunctab                                                 functab      00000
__Hinit                                                    init         0002E
__Hintentry                                                intentry     0002E
__Hmaintext                                                maintext     00000
__Hpowerup                                                 powerup      00000
__Hram                                                     ram          00000
__Hreset_vec                                               reset_vec    00002
__Hsfr0                                                    sfr0         00000
__Hsfr1                                                    sfr1         00000
__Hsfr10                                                   sfr10        00000
__Hsfr11                                                   sfr11        00000
__Hsfr12                                                   sfr12        00000
__Hsfr13                                                   sfr13        00000
__Hsfr14                                                   sfr14        00000
__Hsfr15                                                   sfr15        00000
__Hsfr16                                                   sfr16        00000
__Hsfr17                                                   sfr17        00000
__Hsfr18                                                   sfr18        00000
__Hsfr19                                                   sfr19        00000
__Hsfr2                                                    sfr2         00000
__Hsfr20                                                   sfr20        00000
__Hsfr21                                                   sfr21        00000
__Hsfr22                                                   sfr22        00000
__Hsfr23                                                   sfr23        00000
__Hsfr24                                                   sfr24        00000
__Hsfr25                                                   sfr25        00000
__Hsfr26                                                   sfr26        00000
__Hsfr27                                                   sfr27        00000
__Hsfr28                                                   sfr28        00000
__Hsfr29                                                   sfr29        00000
__Hsfr3                                                    sfr3         00000
__Hsfr30                                                   sfr30        00000
__Hsfr31                                                   sfr31        00000
__Hsfr4                                                    sfr4         00000
__Hsfr5                                                    sfr5         00000
__Hsfr6                                                    sfr6         00000
__Hsfr7                                                    sfr7         00000
__Hsfr8                                                    sfr8         00000
__Hsfr9                                                    sfr9         00000
__Hspace_0                                                 (abs)        01000
__Hspace_1                                                 (abs)        00148
__Hspace_2                                                 (abs)        00000
__Hspace_3                                                 (abs)        00000
__Hspace_4                                                 (abs)        10010
__Hstack                                                   stack        00000
__Hstrings                                                 strings      00000
__Hstringtext1                                             stringtext1  00000
__Hstringtext2                                             stringtext2  00000
__Hstringtext3                                             stringtext3  00000
__Hstringtext4                                             stringtext4  00000
__Hstringtext5                                             stringtext5  00000
__Htext                                                    text         00000
__Labs1                                                    abs1         00000
__Lbank0                                                   bank0        00000
__Lbank1                                                   bank1        00000
__Lbank10                                                  bank10       00000
__Lbank11                                                  bank11       00000
__Lbank12                                                  bank12       00000
__Lbank13                                                  bank13       00000
__Lbank14                                                  bank14       00000
__Lbank15                                                  bank15       00000
__Lbank16                                                  bank16       00000
__Lbank17                                                  bank17       00000
__Lbank18                                                  bank18       00000
__Lbank19                                                  bank19       00000
__Lbank2                                                   bank2        00000
__Lbank20                                                  bank20       00000
__Lbank21                                                  bank21       00000
__Lbank22                                                  bank22       00000
__Lbank23                                                  bank23       00000
__Lbank24                                                  bank24       00000
__Lbank25                                                  bank25       00000
__Lbank26                                                  bank26       00000
__Lbank27                                                  bank27       00000
__Lbank28                                                  bank28       00000
__Lbank29                                                  bank29       00000
__Lbank3                                                   bank3        00000
__Lbank30                                                  bank30       00000
__Lbank31                                                  bank31       00000
__Lbank4                                                   bank4        00000
__Lbank5                                                   bank5        00000
__Lbank6                                                   bank6        00000
__Lbank7                                                   bank7        00000
__Lbank8                                                   bank8        00000
__Lbank9                                                   bank9        00000
__Lbigram                                                  bigram       00000
__LbssBANK1                                                bssBANK1     00000
__LbssBANK2                                                bssBANK2     00000
__LbssCOMMON                                               bssCOMMON    00000
__Lcinit                                                   cinit        00030
__Lclrtext                                                 clrtext      00000
__Lcode                                                    code         00000
__Lcommon                                                  common       00000
__Lconfig                                                  config       00000
__LcstackBANK0                                             cstackBANK0  00000
__LcstackBANK1                                             cstackBANK1  00000
__LcstackCOMMON                                            cstackCOMMON 00000
__Leeprom_data                                             eeprom_data  00000
__Lend_init                                                end_init     0002E
__Lfunctab                                                 functab      00000
__Linit                                                    init         0002E
__Lintentry                                                intentry     00004
__Lmaintext                                                maintext     00000
__Lpowerup                                                 powerup      00000
__Lram                                                     ram          00000
__Lreset_vec                                               reset_vec    00000
__Lsfr0                                                    sfr0         00000
__Lsfr1                                                    sfr1         00000
__Lsfr10                                                   sfr10        00000
__Lsfr11                                                   sfr11        00000
__Lsfr12                                                   sfr12        00000
__Lsfr13                                                   sfr13        00000
__Lsfr14                                                   sfr14        00000
__Lsfr15                                                   sfr15        00000
__Lsfr16                                                   sfr16        00000
__Lsfr17                                                   sfr17        00000
__Lsfr18                                                   sfr18        00000
__Lsfr19                                                   sfr19        00000
__Lsfr2                                                    sfr2         00000
__Lsfr20                                                   sfr20        00000
__Lsfr21                                                   sfr21        00000
__Lsfr22                                                   sfr22        00000
__Lsfr23                                                   sfr23        00000
__Lsfr24                                                   sfr24        00000
__Lsfr25                                                   sfr25        00000
__Lsfr26                                                   sfr26        00000
__Lsfr27                                                   sfr27        00000
__Lsfr28                                                   sfr28        00000
__Lsfr29                                                   sfr29        00000
__Lsfr3                                                    sfr3         00000
__Lsfr30                                                   sfr30        00000
__Lsfr31                                                   sfr31        00000
__Lsfr4                                                    sfr4         00000
__Lsfr5                                                    sfr5         00000
__Lsfr6                                                    sfr6         00000
__Lsfr7                                                    sfr7         00000
__Lsfr8                                                    sfr8         00000
__Lsfr9                                                    sfr9         00000
__Lspace_0                                                 (abs)        00000
__Lspace_1                                                 (abs)        00000
__Lspace_2                                                 (abs)        00000
__Lspace_3                                                 (abs)        00000
__Lspace_4                                                 (abs)        00000
__Lstack                                                   stack        00000
__Lstrings                                                 strings      00000
__Lstringtext1                                             stringtext1  00000
__Lstringtext2                                             stringtext2  00000
__Lstringtext3                                             stringtext3  00000
__Lstringtext4                                             stringtext4  00000
__Lstringtext5                                             stringtext5  00000
__Ltext                                                    text         00000
__S0                                                       (abs)        01000
__S1                                                       (abs)        00148
__S2                                                       (abs)        00000
__S3                                                       (abs)        00000
___aodiv                                                   text13       001B5
___aodiv@counter                                           cstackCOMMON 00072
___aodiv@dividend                                          cstackBANK0  00028
___aodiv@divisor                                           cstackBANK0  00020
___aodiv@quotient                                          cstackCOMMON 00074
___aodiv@sign                                              cstackCOMMON 00073
___aomod                                                   text12       002B6
___aomod@counter                                           cstackCOMMON 00072
___aomod@dividend                                          cstackBANK0  00028
___aomod@divisor                                           cstackBANK0  00020
___aomod@sign                                              cstackCOMMON 00073
___bmul                                                    text81       00E22
___bmul@multiplicand                                       cstackCOMMON 00071
___bmul@multiplier                                         cstackCOMMON 00074
___bmul@product                                            cstackCOMMON 00073
___int_sp                                                  stack        00000
___latbits                                                 (abs)        00001
___sp                                                      stack        00000
___stackhi                                                 (abs)        0216F
___stacklo                                                 (abs)        020C8
__end_of_ADC_Initialize                                    text79       00CF8
__end_of_BIT2HOUR                                          text82       00E0F
__end_of_BIT2SECMIN                                        text80       00F54
__end_of_EUSART_DefaultErrorHandler                        text88       00C6C
__end_of_EUSART_DefaultFramingErrorHandler                 text87       00C4B
__end_of_EUSART_DefaultOverrunErrorHandler                 text86       00C70
__end_of_EUSART_Initialize                                 text73       006CA
__end_of_EUSART_Receive_ISR                                text85       0073D
__end_of_EUSART_RxDataHandler                              text89       00ECE
__end_of_EUSART_SetErrorHandler                            text78       00CB9
__end_of_EUSART_SetFramingErrorHandler                     text77       00CBF
__end_of_EUSART_SetOverrunErrorHandler                     text76       00CC5
__end_of_EUSART_SetRxInterruptHandler                      text75       00CCB
__end_of_EUSART_SetTxInterruptHandler                      text74       00CD1
__end_of_EUSART_Transmit_ISR                               text84       00F0B
__end_of_EUSART_Write                                      text10       00FA2
__end_of_I2C1_CallbackReturnReset                          text46       00004
__end_of_I2C1_CallbackReturnStop                           text47       00C4D
__end_of_I2C1_Close                                        text64       00EEA
__end_of_I2C1_DO_ADDRESS_NACK                              text23       01000
__end_of_I2C1_DO_IDLE                                      text37       00C86
__end_of_I2C1_DO_RCEN                                      text32       00CF0
__end_of_I2C1_DO_RESET                                     text24       00CAE
__end_of_I2C1_DO_RX                                        text33       0064D
__end_of_I2C1_DO_RX_ACK                                    text27       00C9F
__end_of_I2C1_DO_RX_NACK_RESTART                           text25       00CA9
__end_of_I2C1_DO_RX_NACK_STOP                              text26       00CA4
__end_of_I2C1_DO_SEND_ADR_READ                             text36       00D12
__end_of_I2C1_DO_SEND_ADR_WRITE                            text35       00D00
__end_of_I2C1_DO_SEND_RESTART                              text29       00C95
__end_of_I2C1_DO_SEND_RESTART_READ                         text31       00C8B
__end_of_I2C1_DO_SEND_RESTART_WRITE                        text30       00C90
__end_of_I2C1_DO_SEND_STOP                                 text28       00C9A
__end_of_I2C1_DO_TX                                        text34       005B1
__end_of_I2C1_DO_TX_EMPTY                                  text38       007A3
__end_of_I2C1_Initialize                                   text72       00D09
__end_of_I2C1_MasterClearIrq                               text67       00C50
__end_of_I2C1_MasterClose                                  text66       00C53
__end_of_I2C1_MasterDisableIrq                             text65       00C56
__end_of_I2C1_MasterEnableRestart                          text62       00C5C
__end_of_I2C1_MasterFsm                                    text22       00FD0
__end_of_I2C1_MasterGetRxData                              text43       00C65
__end_of_I2C1_MasterIsNack                                 text40       00CD7
__end_of_I2C1_MasterOpen                                   text17       00D45
__end_of_I2C1_MasterOperation                              text19       00F2E
__end_of_I2C1_MasterSendAck                                text42       00C7C
__end_of_I2C1_MasterSendNack                               text44       00C78
__end_of_I2C1_MasterSendTxData                             text41       00C81
__end_of_I2C1_MasterSetIrq                                 text39       00C68
__end_of_I2C1_MasterStart                                  text63       00C59
__end_of_I2C1_MasterStartRx                                text45       00C62
__end_of_I2C1_MasterStop                                   text61       00C5F
__end_of_I2C1_MasterWaitForEvent                           text21       00CDD
__end_of_I2C1_MasterWrite                                  text18       00CB3
__end_of_I2C1_Open                                         text16       00704
__end_of_I2C1_Poller                                       text20       00D38
__end_of_I2C1_SetAddressNackCallback                       text15       00D52
__end_of_I2C1_SetBuffer                                    text60       00D62
__end_of_I2C1_SetCallback                                  text59       00F7A
__end_of_I2C1_SetDataCompleteCallback                      text58       00D2B
__end_of_INTERRUPT_InterruptManager                        intentry     0002E
__end_of_OSCILLATOR_Initialize                             text71       00D1E
__end_of_PIN_MANAGER_Initialize                            text70       00E4F
__end_of_SYSTEM_Initialize                                 text68       00E22
__end_of_WDT_Initialize                                    text69       00C74
__end_of___aodiv                                           text13       002B6
__end_of___aomod                                           text12       003A0
__end_of___bmul                                            text81       00E37
__end_of__initialization                                   cinit        00041
__end_of_abs                                               text11       00E99
__end_of_dtoa                                              text4        001B5
__end_of_fputc                                             text8        0068C
__end_of_fputs                                             text7        007FD
__end_of_i2c1_fsmStateTable                                stringtext1  0075D
__end_of_i2c_read1ByteRegister                             text14       00601
__end_of_main                                              maintext     00501
__end_of_pad                                               text5        0055A
__end_of_printf                                            text1        00DFC
__end_of_putch                                             text9        00CE3
__end_of_rd1RegCompleteHandler                             text55       00D95
__end_of_rd1RegCompleteHandler@i2c1_master_example$F143    text51       00DC8
__end_of_rd2RegCompleteHandler                             text54       00DA6
__end_of_rd2RegCompleteHandler@i2c1_master_example$F154    text50       00DD9
__end_of_rdBlkRegCompleteHandler                           text52       00E67
__end_of_rdBlkRegCompleteHandler@i2c1_master_example$F177  text48       00E7F
__end_of_strlen                                            text6        00EB3
__end_of_vfpfcnvrt                                         text3        0047B
__end_of_vfprintf                                          text2        007D4
__end_of_wr1RegCompleteHandler                             text56       00D84
__end_of_wr1RegCompleteHandler@i2c1_master_example$F160    text49       00DEA
__end_of_wr2RegCompleteHandler                             text53       00DB7
__end_of_wr2RegCompleteHandler@i2c1_master_example$F166    text57       00D73
__initialization                                           cinit        00030
__pbssBANK1                                                bssBANK1     000A0
__pbssBANK2                                                bssBANK2     00120
__pbssCOMMON                                               bssCOMMON    0007C
__pcstackBANK0                                             cstackBANK0  00020
__pcstackBANK1                                             cstackBANK1  000E7
__pcstackCOMMON                                            cstackCOMMON 00070
__pintentry                                                intentry     00004
__pmaintext                                                maintext     0047B
__pstringtext1                                             stringtext1  0073D
__pstringtext2                                             stringtext2  007FD
__pstringtext3                                             stringtext3  0080B
__pstringtext4                                             stringtext4  00819
__pstringtext5                                             stringtext5  00000
__ptext1                                                   text1        00DEA
__ptext10                                                  text10       00F7A
__ptext11                                                  text11       00E7F
__ptext12                                                  text12       002B6
__ptext13                                                  text13       001B5
__ptext14                                                  text14       005B1
__ptext15                                                  text15       00D45
__ptext16                                                  text16       006CA
__ptext17                                                  text17       00D38
__ptext18                                                  text18       00CAE
__ptext19                                                  text19       00F0B
__ptext2                                                   text2        007A3
__ptext20                                                  text20       00D2B
__ptext21                                                  text21       00CD7
__ptext22                                                  text22       00FA2
__ptext23                                                  text23       00FD0
__ptext24                                                  text24       00CA9
__ptext25                                                  text25       00CA4
__ptext26                                                  text26       00C9F
__ptext27                                                  text27       00C9A
__ptext28                                                  text28       00C95
__ptext29                                                  text29       00C90
__ptext3                                                   text3        003A0
__ptext30                                                  text30       00C8B
__ptext31                                                  text31       00C86
__ptext32                                                  text32       00CE9
__ptext33                                                  text33       00601
__ptext34                                                  text34       0055A
__ptext35                                                  text35       00CF8
__ptext36                                                  text36       00D09
__ptext37                                                  text37       00C81
__ptext38                                                  text38       00771
__ptext39                                                  text39       00C65
__ptext4                                                   text4        00045
__ptext40                                                  text40       00CD1
__ptext41                                                  text41       00C7C
__ptext42                                                  text42       00C78
__ptext43                                                  text43       00C62
__ptext44                                                  text44       00C74
__ptext45                                                  text45       00C5F
__ptext46                                                  text46       00002
__ptext47                                                  text47       00C4B
__ptext48                                                  text48       00E67
__ptext49                                                  text49       00DD9
__ptext5                                                   text5        00501
__ptext50                                                  text50       00DC8
__ptext51                                                  text51       00DB7
__ptext52                                                  text52       00E4F
__ptext53                                                  text53       00DA6
__ptext54                                                  text54       00D95
__ptext55                                                  text55       00D84
__ptext56                                                  text56       00D73
__ptext57                                                  text57       00D62
__ptext58                                                  text58       00D1E
__ptext59                                                  text59       00F54
__ptext6                                                   text6        00E99
__ptext60                                                  text60       00D52
__ptext61                                                  text61       00C5C
__ptext62                                                  text62       00C59
__ptext63                                                  text63       00C56
__ptext64                                                  text64       00ECE
__ptext65                                                  text65       00C53
__ptext66                                                  text66       00C50
__ptext67                                                  text67       00C4D
__ptext68                                                  text68       00E0F
__ptext69                                                  text69       00C70
__ptext7                                                   text7        007D4
__ptext70                                                  text70       00E37
__ptext71                                                  text71       00D12
__ptext72                                                  text72       00D00
__ptext73                                                  text73       0068C
__ptext74                                                  text74       00CCB
__ptext75                                                  text75       00CC5
__ptext76                                                  text76       00CBF
__ptext77                                                  text77       00CB9
__ptext78                                                  text78       00CB3
__ptext79                                                  text79       00CF0
__ptext8                                                   text8        0064D
__ptext80                                                  text80       00F2E
__ptext81                                                  text81       00E22
__ptext82                                                  text82       00DFC
__ptext84                                                  text84       00EEA
__ptext85                                                  text85       00704
__ptext86                                                  text86       00C6C
__ptext87                                                  text87       00C4A
__ptext88                                                  text88       00C68
__ptext89                                                  text89       00EB3
__ptext9                                                   text9        00CDD
__size_of_ADC_Initialize                                   (abs)        00000
__size_of_BIT2HOUR                                         (abs)        00000
[...]
__size_of_I2C1_DO_SEND_RESTART_READ                        (abs)        00000
__size_of_I2C1_DO_SEND_RESTART_WRITE                       (abs)        00000
__size_of_I2C1_DO_SEND_STOP                                (abs)        00000
__size_of_I2C1_DO_TX                                       (abs)        00000
__size_of_I2C1_DO_TX_EMPTY                                 (abs)        00000
__size_of_I2C1_Initialize                                  (abs)        00000
__size_of_I2C1_MasterClearIrq                              (abs)        00000
__size_of_I2C1_MasterClose                                 (abs)        00000
__size_of_I2C1_MasterDisableIrq                            (abs)        00000
__size_of_I2C1_MasterEnableRestart                         (abs)        00000
__size_of_I2C1_MasterFsm                                   (abs)        00000
__size_of_I2C1_MasterGetRxData                             (abs)        00000
__size_of_I2C1_MasterIsNack                                (abs)        00000
__size_of_I2C1_MasterOpen                                  (abs)        00000
__size_of_I2C1_MasterOperation                             (abs)        00000
__size_of_I2C1_MasterSendAck                               (abs)        00000
__size_of_I2C1_MasterSendNack                              (abs)        00000
__size_of_I2C1_MasterSendTxData                            (abs)        00000
__size_of_I2C1_MasterSetIrq                                (abs)        00000
__size_of_I2C1_MasterStart                                 (abs)        00000
__size_of_I2C1_MasterStartRx                               (abs)        00000
__size_of_I2C1_MasterStop                                  (abs)        00000
__size_of_I2C1_MasterWaitForEvent                          (abs)        00000
__size_of_I2C1_MasterWrite                                 (abs)        00000
__size_of_I2C1_Open                                        (abs)        00000
__size_of_I2C1_Poller                                      (abs)        00000
__size_of_I2C1_SetAddressNackCallback                      (abs)        00000
__size_of_I2C1_SetBuffer                                   (abs)        00000
__size_of_I2C1_SetCallback                                 (abs)        00000
__size_of_I2C1_SetDataCompleteCallback                     (abs)        00000
__size_of_INTERRUPT_InterruptManager                       (abs)        00000
__size_of_OSCILLATOR_Initialize                            (abs)        00000
__size_of_PIN_MANAGER_Initialize                           (abs)        00000
__size_of_SYSTEM_Initialize                                (abs)        00000
__size_of_WDT_Initialize                                   (abs)        00000
__size_of___aodiv                                          (abs)        00000
__size_of___aomod                                          (abs)        00000
__size_of___bmul                                           (abs)        00000
__size_of_abs                                              (abs)        00000
__size_of_dtoa                                             (abs)        00000
__size_of_fputc                                            (abs)        00000
__size_of_fputs                                            (abs)        00000
__size_of_i2c_read1ByteRegister                            (abs)        00000
__size_of_main                                             (abs)        00000
__size_of_pad                                              (abs)        00000
__size_of_printf                                           (abs)        00000
__size_of_putch                                            (abs)        00000
__size_of_rd1RegCompleteHandler                            (abs)        00000
__size_of_rd1RegCompleteHandler@i2c1_master_example$F143   (abs)        00000
__size_of_rd2RegCompleteHandler                            (abs)        00000
__size_of_rd2RegCompleteHandler@i2c1_master_example$F154   (abs)        00000
__size_of_rdBlkRegCompleteHandler                          (abs)        00000
__size_of_rdBlkRegCompleteHandler@i2c1_master_example$F177 (abs)        00000
__size_of_strlen                                           (abs)        00000
__size_of_vfpfcnvrt                                        (abs)        00000
__size_of_vfprintf                                         (abs)        00000
__size_of_wr1RegCompleteHandler                            (abs)        00000
__size_of_wr1RegCompleteHandler@i2c1_master_example$F160   (abs)        00000
__size_of_wr2RegCompleteHandler                            (abs)        00000
__size_of_wr2RegCompleteHandler@i2c1_master_example$F166   (abs)        00000
_abs                                                       text11       00E7F
_dbuf                                                      bssBANK2     00128
_dtoa                                                      text4        00045
_dtoa$1841                                                 cstackBANK0  0003C
_eusartRxBuffer                                            bssBANK2     00120
_eusartRxCount                                             bssBANK1     000E2
_eusartRxHead                                              bssCOMMON    0007C
_eusartRxLastError                                         bssBANK1     000E1
_eusartRxStatusBuffer                                      bssBANK1     000BD
_eusartRxTail                                              bssBANK1     000E3
_eusartTxBuffer                                            bssBANK1     000C5
_eusartTxBufferRemaining                                   bssBANK1     000E4
_eusartTxHead                                              bssBANK1     000E6
_eusartTxTail                                              bssBANK1     000E5
_flags                                                     bssBANK1     000D3
_fputc                                                     text8        0064D
_fputs                                                     text7        007D4
_i2c1_fsmStateTable                                        stringtext1  0073D
_i2c_read1ByteRegister                                     text14       005B1
_main                                                      maintext     0047B
_nout                                                      bssBANK1     000CD
_pad                                                       text5        00501
_prec                                                      bssBANK1     000D1
_printf                                                    text1        00DEA
_putch                                                     text9        00CDD
_rd1RegCompleteHandler                                     text55       00D84
_rd1RegCompleteHandler@i2c1_master_example$F143            text51       00DB7
_rd2RegCompleteHandler                                     text54       00D95
_rd2RegCompleteHandler@i2c1_master_example$F154            text50       00DC8
_rdBlkRegCompleteHandler                                   text52       00E4F
_rdBlkRegCompleteHandler@i2c1_master_example$F177          text48       00E67
_strlen                                                    text6        00E99
_vfpfcnvrt                                                 text3        003A0
_vfprintf                                                  text2        007A3
_width                                                     bssBANK1     000CF
_wr1RegCompleteHandler                                     text56       00D73
_wr1RegCompleteHandler@i2c1_master_example$F160            text49       00DD9
_wr2RegCompleteHandler                                     text53       00DA6
_wr2RegCompleteHandler@i2c1_master_example$F166            text57       00D62
abs@a                                                      cstackCOMMON 00074
btemp                                                      (abs)        0007E
clear_ram0                                                 clrtext      00CE3
dtoa@d                                                     cstackBANK0  00031
dtoa@fp                                                    cstackBANK0  0003E
dtoa@i                                                     cstackBANK0  0004D
dtoa@n                                                     cstackBANK0  00045
dtoa@p                                                     cstackBANK0  0003F
dtoa@s                                                     cstackBANK0  00043
dtoa@w                                                     cstackBANK0  00041
end_of_initialization                                      cinit        00041
fputc@c                                                    cstackCOMMON 00074
fputc@fp                                                   cstackCOMMON 00076
fputs@c                                                    cstackBANK0  00024
fputs@fp                                                   cstackBANK0  00020
fputs@i                                                    cstackBANK0  00025
fputs@s                                                    cstackBANK0  00027
i2c_read1ByteRegister@address                              cstackBANK0  0002A
i2c_read1ByteRegister@d2                                   cstackBANK0  0002E
i2c_read1ByteRegister@e                                    cstackBANK0  0002B
i2c_read1ByteRegister@reg                                  cstackBANK0  00028
i2c_read1ByteRegister@x                                    cstackBANK0  0002C
int$flags                                                  (abs)        0007E
intlevel0                                                  functab      00000
intlevel1                                                  functab      00000
intlevel2                                                  functab      00000
intlevel3                                                  functab      00000
intlevel4                                                  functab      00000
intlevel5                                                  functab      00000
main@hours                                                 cstackBANK1  000ED
main@minutes                                               cstackBANK1  000EB
main@seconds                                               cstackBANK1  000E9
pad@buf                                                    cstackBANK0  00028
pad@fp                                                     cstackBANK0  00030
pad@i                                                      cstackBANK0  0002C
pad@p                                                      cstackBANK0  00029
pad@w                                                      cstackBANK0  0002E
printf@ap                                                  cstackBANK0  0006E
printf@fmt                                                 cstackBANK0  00067
putch@txData                                               cstackCOMMON 00073
rd1RegCompleteHandler@i2c1_master_example$F143@ptr         cstackCOMMON 0007A
rd1RegCompleteHandler@p                                    cstackCOMMON 0007A
rd2RegCompleteHandler@i2c1_master_example$F154@ptr         cstackCOMMON 0007A
rd2RegCompleteHandler@p                                    cstackCOMMON 0007A
rdBlkRegCompleteHandler@i2c1_master_example$F177@ptr       cstackCOMMON 0007A
rdBlkRegCompleteHandler@p                                  cstackCOMMON 0007A
reset_vec                                                  reset_vec    00000
start                                                      init         0002E
start_initialization                                       cinit        00030
strlen@a                                                   cstackCOMMON 00074
strlen@s                                                   cstackCOMMON 00075
vfpfcnvrt@ap                                               cstackBANK0  00050
vfpfcnvrt@fmt                                              cstackBANK0  0004F
vfpfcnvrt@fp                                               cstackBANK0  0005E
vfpfcnvrt@ll                                               cstackBANK0  00056
vfprintf@ap                                                cstackBANK0  00061
vfprintf@cfmt                                              cstackBANK0  00065
vfprintf@fmt                                               cstackBANK0  0005F
vfprintf@fp                                                cstackBANK0  00064
wr1RegCompleteHandler@i2c1_master_example$F160@ptr         cstackCOMMON 0007A
wr1RegCompleteHandler@p                                    cstackCOMMON 0007A
wr2RegCompleteHandler@i2c1_master_example$F166@ptr         cstackCOMMON 0007A
wr2RegCompleteHandler@p                                    cstackCOMMON 0007A
wtemp0                                                     (abs)        0007E


MODULE INFORMATION

Module		Function		Class		Link	Load	Size
mcc_generated_files/examples/i2c1_master_example.c
		_rdBlkRegCompleteHandler@i2c1_master_example$F177		CODE           	0E67	0000	24
		_rd1RegCompleteHandler@i2c1_master_example$F143		CODE           	0DB7	0000	17
		_rd2RegCompleteHandler@i2c1_master_example$F154		CODE           	0DC8	0000	17
		_wr1RegCompleteHandler@i2c1_master_example$F160		CODE           	0DD9	0000	17
		_wr2RegCompleteHandler@i2c1_master_example$F166		CODE           	0D62	0000	17

mcc_generated_files/examples/i2c1_master_example.c estimated size: 92

C:\Program Files\Microchip\xc8\v2.32\pic\sources\c99\common\doprnt.c
		_vfpfcnvrt     		CODE           	03A0	0000	219
		_pad           		CODE           	0501	0000	89
		_dtoa          		CODE           	0045	0000	368
		_vfprintf      		CODE           	07A3	0000	49

C:\Program Files\Microchip\xc8\v2.32\pic\sources\c99\common\doprnt.c estimated size: 725

mcc_generated_files/i2c1_master.c
		_I2C1_DO_SEND_RESTART		CODE           	0C90	0000	5
		_I2C1_DO_TX_EMPTY		CODE           	0771	0000	50
		_I2C1_DO_SEND_RESTART_READ		CODE           	0C86	0000	5
		_I2C1_CallbackReturnStop		CODE           	0C4B	0000	2
		_I2C1_DO_RX    		CODE           	0601	0000	76
		_I2C1_DO_TX    		CODE           	055A	0000	87
		_I2C1_SetAddressNackCallback		CODE           	0D45	0000	13
		_I2C1_DO_IDLE  		CODE           	0C81	0000	5
		_I2C1_MasterOpen		CODE           	0D38	0000	13
		_I2C1_DO_RCEN  		CODE           	0CE9	0000	7
		_I2C1_MasterSendTxData		CODE           	0C7C	0000	5
		_I2C1_MasterStop		CODE           	0C5C	0000	3
		_I2C1_CallbackReturnReset		CODE           	0002	0000	2
		_I2C1_DO_RESET 		CODE           	0CA9	0000	5
		_I2C1_MasterStartRx		CODE           	0C5F	0000	3
		_I2C1_Poller   		CODE           	0D2B	0000	13
		_I2C1_DO_RX_ACK		CODE           	0C9A	0000	5
		_I2C1_MasterWaitForEvent		CODE           	0CD7	0000	6
		_I2C1_MasterSendNack		CODE           	0C74	0000	4
		_I2C1_DO_RX_NACK_RESTART		CODE           	0CA4	0000	5
		_I2C1_MasterDisableIrq		CODE           	0C53	0000	3
		_I2C1_MasterOperation		CODE           	0F0B	0000	35
		_I2C1_SetCallback		CODE           	0F54	0000	38
		_I2C1_MasterEnableRestart		CODE           	0C59	0000	3
		_I2C1_Open     		CODE           	06CA	0000	58
		_I2C1_DO_ADDRESS_NACK		CODE           	0FD0	0000	48
		_I2C1_SetBuffer		CODE           	0D52	0000	16
		_I2C1_DO_SEND_RESTART_WRITE		CODE           	0C8B	0000	5
		_I2C1_MasterClose		CODE           	0C50	0000	3
		_I2C1_MasterWrite		CODE           	0CAE	0000	5
		_I2C1_Initialize		CODE           	0D00	0000	9
		_I2C1_Close    		CODE           	0ECE	0000	28
		_I2C1_MasterIsNack		CODE           	0CD1	0000	6
		_I2C1_MasterStart		CODE           	0C56	0000	3
		_I2C1_DO_SEND_ADR_WRITE		CODE           	0CF8	0000	8
		_I2C1_MasterClearIrq		CODE           	0C4D	0000	3
		_I2C1_SetDataCompleteCallback		CODE           	0D1E	0000	13
		_I2C1_DO_SEND_STOP		CODE           	0C95	0000	5
		_I2C1_MasterSendAck		CODE           	0C78	0000	4
		_I2C1_MasterFsm		CODE           	0FA2	0000	46
		_I2C1_MasterGetRxData		CODE           	0C62	0000	3
		_I2C1_MasterSetIrq		CODE           	0C65	0000	3
		_I2C1_DO_SEND_ADR_READ		CODE           	0D09	0000	9
		_I2C1_DO_RX_NACK_STOP		CODE           	0C9F	0000	5

mcc_generated_files/i2c1_master.c estimated size: 673

mcc_generated_files/interrupt_manager.c
		_INTERRUPT_InterruptManager		CODE           	0004	0000	42

mcc_generated_files/interrupt_manager.c estimated size: 42

mcc_generated_files/pin_manager.c
		_PIN_MANAGER_Initialize		CODE           	0E37	0000	24

mcc_generated_files/pin_manager.c estimated size: 24

C:\Program Files\Microchip\xc8\v2.32\pic\sources\c99\common\nf_fputs.c
		_fputs         		CODE           	07D4	0000	41

C:\Program Files\Microchip\xc8\v2.32\pic\sources\c99\common\nf_fputs.c estimated size: 41

mcc_generated_files/adc.c
		_ADC_Initialize		CODE           	0CF0	0000	8

mcc_generated_files/adc.c estimated size: 8

mcc_generated_files/drivers/i2c_simple_master.c
		_wr1RegCompleteHandler		CODE           	0D73	0000	17
		_wr2RegCompleteHandler		CODE           	0DA6	0000	17
		_rdBlkRegCompleteHandler		CODE           	0E4F	0000	24
		_i2c_read1ByteRegister		CODE           	05B1	0000	80
		_rd1RegCompleteHandler		CODE           	0D84	0000	17
		_rd2RegCompleteHandler		CODE           	0D95	0000	17

mcc_generated_files/drivers/i2c_simple_master.c estimated size: 172

C:\Program Files\Microchip\xc8\v2.32\pic\sources\c99\common\abs.c
		_abs           		CODE           	0E7F	0000	26

C:\Program Files\Microchip\xc8\v2.32\pic\sources\c99\common\abs.c estimated size: 26

C:\Program Files\Microchip\xc8\v2.32\pic\sources\c99\common\aomod.c
		___aomod       		CODE           	02B6	0000	234

C:\Program Files\Microchip\xc8\v2.32\pic\sources\c99\common\aomod.c estimated size: 234

shared
		__initialization		CODE           	0030	0000	17
		_i2c1_fsmStateTable		STRCODE        	073D	0000	32

shared estimated size: 49

mcc_generated_files/mcc.c
		_WDT_Initialize		CODE           	0C70	0000	4
		_OSCILLATOR_Initialize		CODE           	0D12	0000	12
		_SYSTEM_Initialize		CODE           	0E0F	0000	19

mcc_generated_files/mcc.c estimated size: 35

C:\Program Files\Microchip\xc8\v2.32\pic\sources\c99\common\printf.c
		_printf        		CODE           	0DEA	0000	18

C:\Program Files\Microchip\xc8\v2.32\pic\sources\c99\common\printf.c estimated size: 18

C:\Program Files\Microchip\xc8\v2.32\pic\sources\c99\common\nf_fputc.c
		_fputc         		CODE           	064D	0000	63

C:\Program Files\Microchip\xc8\v2.32\pic\sources\c99\common\nf_fputc.c estimated size: 63

mcc_generated_files/eusart.c
		_EUSART_SetRxInterruptHandler		CODE           	0CC5	0000	6
		_EUSART_SetTxInterruptHandler		CODE           	0CCB	0000	6
		_putch         		CODE           	0CDD	0000	6
		_EUSART_DefaultOverrunErrorHandler		CODE           	0C6C	0000	4
		_EUSART_Write  		CODE           	0F7A	0000	40
		_EUSART_DefaultErrorHandler		CODE           	0C68	0000	4
		_EUSART_Transmit_ISR		CODE           	0EEA	0000	33
		_EUSART_Initialize		CODE           	068C	0000	62
		_EUSART_SetFramingErrorHandler		CODE           	0CB9	0000	6
		_EUSART_SetErrorHandler		CODE           	0CB3	0000	6
		_EUSART_SetOverrunErrorHandler		CODE           	0CBF	0000	6
		_EUSART_Receive_ISR		CODE           	0704	0000	57
		_EUSART_RxDataHandler		CODE           	0EB3	0000	27
		_EUSART_DefaultFramingErrorHandler		CODE           	0C4A	0000	1

mcc_generated_files/eusart.c estimated size: 264

C:\Program Files\Microchip\xc8\v2.32\pic\sources\c99\common\aodiv.c
		___aodiv       		CODE           	01B5	0000	257

C:\Program Files\Microchip\xc8\v2.32\pic\sources\c99\common\aodiv.c estimated size: 257

C:\Program Files\Microchip\xc8\v2.32\pic\sources\c99\common\Umul8.c
		___bmul        		CODE           	0E22	0000	21

C:\Program Files\Microchip\xc8\v2.32\pic\sources\c99\common\Umul8.c estimated size: 21

main.c
		_BIT2HOUR      		CODE           	0DFC	0000	19
		_main          		CODE           	047B	0000	134
		_BIT2SECMIN    		CODE           	0F2E	0000	38

main.c estimated size: 191

C:\Program Files\Microchip\xc8\v2.32\pic\sources\c99\common\strlen.c
		_strlen        		CODE           	0E99	0000	26

C:\Program Files\Microchip\xc8\v2.32\pic\sources\c99\common\strlen.c estimated size: 26

