Microchip MPLAB XC8 Compiler V2.32

Linker command line:

-W-3 --edf=C:\Program Files\Microchip\xc8\v2.32\pic\dat\en_msgs.txt -cn \
  -h+dist/default/production\LIGHT_ALARM.X.production.sym \
  --cmf=dist/default/production\LIGHT_ALARM.X.production.cmf -z -Q16F1827 \
  -oC:\Users\kealy\AppData\Local\Temp\xcAs6mg.4 --defsym=__MPLAB_BUILD=1 \
  -Mdist/default/production/LIGHT_ALARM.X.production.map -E1 \
  -ver=XC8 Compiler --acfsm=1493 -ASTACK=020D8h-0216Fh -pstack=STACK \
  -ACODE=00h-07FFhx2 -ASTRCODE=00h-0FFFh -ASTRING=00h-0FFhx16 \
  -ACONST=00h-0FFhx16 -AENTRY=00h-0FFhx16 -ACOMMON=070h-07Fh \
  -ABANK0=020h-06Fh -ABANK1=0A0h-0EFh -ABANK2=0120h-016Fh \
  -ABANK3=01A0h-01EFh -ABANK4=0220h-024Fh -ABIGRAM=02000h-0216Fh \
  -ARAM=020h-06Fh,0A0h-0EFh,0120h-016Fh,01A0h-01EFh,0220h-024Fh \
  -AABS1=020h-07Fh,0A0h-0EFh,0120h-016Fh,01A0h-01EFh,0220h-024Fh \
  -ASFR0=00h-01Fh -ASFR1=080h-09Fh -ASFR2=0100h-011Fh -ASFR3=0180h-019Fh \
  -ASFR4=0200h-021Fh -ASFR5=0280h-02EFh -ASFR6=0300h-036Fh \
  -ASFR7=0380h-03EFh -ASFR8=0400h-046Fh -ASFR9=0480h-04EFh \
  -ASFR10=0500h-056Fh -ASFR11=0580h-05EFh -ASFR12=0600h-066Fh \
  -ASFR13=0680h-06EFh -ASFR14=0700h-076Fh -ASFR15=0780h-07EFh \
  -ASFR16=0800h-086Fh -ASFR17=0880h-08EFh -ASFR18=0900h-096Fh \
  -ASFR19=0980h-09EFh -ASFR20=0A00h-0A6Fh -ASFR21=0A80h-0AEFh \
  -ASFR22=0B00h-0B6Fh -ASFR23=0B80h-0BEFh -ASFR24=0C00h-0C6Fh \
  -ASFR25=0C80h-0CEFh -ASFR26=0D00h-0D6Fh -ASFR27=0D80h-0DEFh \
  -ASFR28=0E00h-0E6Fh -ASFR29=0E80h-0EEFh -ASFR30=0F00h-0F6Fh \
  -ASFR31=0F80h-0FEFh -ACONFIG=08007h-08008h -DCONFIG=2 \
  -AIDLOC=08000h-08003h -DIDLOC=2 -AEEDATA=00h-0FFh/0F000h \
  -peeprom_data=EEDATA -DEEDATA=2 -DCODE=2 -DSTRCODE=2 -DSTRING=2 -DCONST=2 \
  -DENTRY=2 -preset_vec=00h,intentry=04h,init,end_init -ppowerup=CODE \
  -pcinit=CODE -pfunctab=ENTRY -k \
  C:\Users\kealy\AppData\Local\Temp\xcAs6mg.o \
  dist/default/production\LIGHT_ALARM.X.production.o 

Object code version is 3.11

Machine type is 16F1827



                Name                               Link     Load   Length Selector   Space Scale
C:\Users\kealy\AppData\Local\Temp\xcAs6mg.o
                end_init                             2E       2E        2        8       0
                reset_vec                             0        0        2        0       0
                config                             8007     8007        2        0       4
dist/default/production\LIGHT_ALARM.X.production.o
                cinit                                30       30       15        8       0
                intentry                              4        4       2A        8       0
                config                             8007     8007        2        0       4
                text92                              E1C      E1C       1B     1C38       0
                text91                              BB3      BB3        4     1766       0
                text90                              B95      B95        1     172A       0
                text89                              BB7      BB7        4     176E       0
                text88                              738      738       3D        8       0
                text87                              E37      E37       22     1C6E       0
                text85                              D5B      D5B       15     1AB6       0
                text84                              E7C      E7C       25     1CF8       0
                text83                              EA1      EA1       26     1D42       0
                text82                              D70      D70       17     1AE0       0
                text81                              C3B      C3B        8     1876       0
                text80                              BFE      BFE        6     17FC       0
                text79                              C04      C04        6     1808       0
                text78                              C0A      C0A        6     1814       0
                text77                              C10      C10        6     1820       0
                text76                              C16      C16        6     182C       0
                text75                              6FA      6FA       3E        8       0
                text74                              C53      C53        9     18A6       0
                text73                              C6F      C6F        C     18DE       0
                text72                              D87      D87       18     1B0E       0
                text71                              C65      C65        A     18CA       0
                text70                              C43      C43        8     1886       0
                text69                              BBB      BBB        4     1776       0
                text68                              DCF      DCF       19     1B9E       0
                text67                              B98      B98        3     1730       0
                text66                              B9B      B9B        3     1736       0
                text65                              B9E      B9E        3     173C       0
                text64                              7E3      7E3       1C      FC6       0
                text63                              BA1      BA1        3     1742       0
                text62                              BA4      BA4        3     1748       0
                text61                              BA7      BA7        3     174E       0
                text60                              CAF      CAF       10     195E       0
                text59                              EC7      EC7       26     1D8E       0
                text58                              C7B      C7B        D     18F6       0
                text57                              CBF      CBF       11     197E       0
                text56                              CD0      CD0       11     19A0       0
                text55                              CE1      CE1       11     19C2       0
                text54                              CF2      CF2       11     19E4       0
                text53                              D03      D03       11     1A06       0
                text52                              D9F      D9F       18     1B3E       0
                text51                              B96      B96        2     172C       0
                text50                                2        2        2        0       0
                text49                              D14      D14       11     1A28       0
                text48                              D25      D25       11     1A4A       0
                text47                              D36      D36       11     1A6C       0
                text46                              DB7      DB7       18     1B6E       0
                text45                              BAA      BAA        3     1754       0
                text44                              BBF      BBF        4     177E       0
                text43                              BAD      BAD        3     175A       0
                text42                              BC3      BC3        4     1786       0
                text41                              BC7      BC7        5     178E       0
                text40                              C1C      C1C        6     1838       0
                text39                              BB0      BB0        3     1760       0
                text38                              FCE      FCE       32     1F9C       0
                text37                              BCC      BCC        5     1798       0
                text36                              C5C      C5C        9     18B8       0
                text35                              C4B      C4B        8     1896       0
                text34                              5C8      5C8       57        8       0
                text33                              66F      66F       4C        8       0
                text32                              C34      C34        7     1868       0
                text31                              BD1      BD1        5     17A2       0
                text30                              BD6      BD6        5     17AC       0
                text29                              BDB      BDB        5     17B6       0
                text28                              BE0      BE0        5     17C0       0
                text27                              BE5      BE5        5     17CA       0
                text26                              BEA      BEA        5     17D4       0
                text25                              BEF      BEF        5     17DE       0
                text24                              BF4      BF4        5     17E8       0
                text23                              F6D      F6D       30     1EDA       0
                text22                              F3F      F3F       2E     1E7E       0
                text21                              C22      C22        6     1844       0
                text20                              C88      C88        D     1910       0
                text19                              E59      E59       23     1CB2       0
                text18                              BF9      BF9        5     17F2       0
                text17                              C95      C95        D     192A       0
                text16                              775      775       3A        8       0
                text15                              CA2      CA2        D     1944       0
                text14                              61F      61F       50        8       0
                text13                              1B5      1B5      101        8       0
                text12                              3AA      3AA       EA        8       0
                text11                              DE8      DE8       1A     1BD0       0
                text10                              EED      EED       29     1DDA       0
                text9                               C28      C28        6     1850       0
                text8                               6BB      6BB       3F        8       0
                text7                               F16      F16       29     1E2C       0
                text6                               E02      E02       1A     1C04       0
                text5                               56F      56F       59        8       0
                text4                                45       45      170        8       0
                text3                               494      494       DB        8       0
                text2                               F9D      F9D       31     1F3A       0
                text1                               D47      D47       14     1A8E       0
                maintext                            2B6      2B6       F4        8       0
                cstackBANK0                          20       20       50       20       1
                cstackCOMMON                         70       70        C       70       1
                cstackBANK1                          DE       DE       10       A0       1
                clrtext                             C2E      C2E        6     185C       0
                bssBANK2                            120      120       38      120       1
                bssBANK1                             A0       A0       3E       A0       1
                bssCOMMON                            7C       7C        1       70       1
                stringtext2                         7FF      7FF       14      FFE       0
                stringtext1                         7AF      7AF       34      F5E       0

TOTAL           Name                               Link     Load   Length     Space
        CLASS   STACK          

        CLASS   CODE           
                end_init                             2E       2E        2         0
                cinit                                30       30       15         0
                intentry                              4        4       2A         0
                reset_vec                             0        0        2         0
                text92                              E1C      E1C       1B         0
                text91                              BB3      BB3        4         0
                text90                              B95      B95        1         0
                text89                              BB7      BB7        4         0
                text88                              738      738       3D         0
                text87                              E37      E37       22         0
                text85                              D5B      D5B       15         0
                text84                              E7C      E7C       25         0
                text83                              EA1      EA1       26         0
                text82                              D70      D70       17         0
                text81                              C3B      C3B        8         0
                text80                              BFE      BFE        6         0
                text79                              C04      C04        6         0
                text78                              C0A      C0A        6         0
                text77                              C10      C10        6         0
                text76                              C16      C16        6         0
                text75                              6FA      6FA       3E         0
                text74                              C53      C53        9         0
                text73                              C6F      C6F        C         0
                text72                              D87      D87       18         0
                text71                              C65      C65        A         0
                text70                              C43      C43        8         0
                text69                              BBB      BBB        4         0
                text68                              DCF      DCF       19         0
                text67                              B98      B98        3         0
                text66                              B9B      B9B        3         0
                text65                              B9E      B9E        3         0
                text64                              7E3      7E3       1C         0
                text63                              BA1      BA1        3         0
                text62                              BA4      BA4        3         0
                text61                              BA7      BA7        3         0
                text60                              CAF      CAF       10         0
                text59                              EC7      EC7       26         0
                text58                              C7B      C7B        D         0
                text57                              CBF      CBF       11         0
                text56                              CD0      CD0       11         0
                text55                              CE1      CE1       11         0
                text54                              CF2      CF2       11         0
                text53                              D03      D03       11         0
                text52                              D9F      D9F       18         0
                text51                              B96      B96        2         0
                text50                                2        2        2         0
                text49                              D14      D14       11         0
                text48                              D25      D25       11         0
                text47                              D36      D36       11         0
                text46                              DB7      DB7       18         0
                text45                              BAA      BAA        3         0
                text44                              BBF      BBF        4         0
                text43                              BAD      BAD        3         0
                text42                              BC3      BC3        4         0
                text41                              BC7      BC7        5         0
                text40                              C1C      C1C        6         0
                text39                              BB0      BB0        3         0
                text38                              FCE      FCE       32         0
                text37                              BCC      BCC        5         0
                text36                              C5C      C5C        9         0
                text35                              C4B      C4B        8         0
                text34                              5C8      5C8       57         0
                text33                              66F      66F       4C         0
                text32                              C34      C34        7         0
                text31                              BD1      BD1        5         0
                text30                              BD6      BD6        5         0
                text29                              BDB      BDB        5         0
                text28                              BE0      BE0        5         0
                text27                              BE5      BE5        5         0
                text26                              BEA      BEA        5         0
                text25                              BEF      BEF        5         0
                text24                              BF4      BF4        5         0
                text23                              F6D      F6D       30         0
                text22                              F3F      F3F       2E         0
                text21                              C22      C22        6         0
                text20                              C88      C88        D         0
                text19                              E59      E59       23         0
                text18                              BF9      BF9        5         0
                text17                              C95      C95        D         0
                text16                              775      775       3A         0
                text15                              CA2      CA2        D         0
                text14                              61F      61F       50         0
                text13                              1B5      1B5      101         0
                text12                              3AA      3AA       EA         0
                text11                              DE8      DE8       1A         0
                text10                              EED      EED       29         0
                text9                               C28      C28        6         0
                text8                               6BB      6BB       3F         0
                text7                               F16      F16       29         0
                text6                               E02      E02       1A         0
                text5                               56F      56F       59         0
                text4                                45       45      170         0
                text3                               494      494       DB         0
                text2                               F9D      F9D       31         0
                text1                               D47      D47       14         0
                maintext                            2B6      2B6       F4         0
                clrtext                             C2E      C2E        6         0

        CLASS   STRCODE        
                stringtext2                         7FF      7FF       14         0
                stringtext1                         7AF      7AF       34         0

        CLASS   STRING         

        CLASS   CONST          

        CLASS   ENTRY          

        CLASS   COMMON         
                cstackCOMMON                         70       70        C         1
                bssCOMMON                            7C       7C        1         1

        CLASS   BANK0          
                cstackBANK0                          20       20       50         1

        CLASS   BANK1          
                cstackBANK1                          DE       DE       10         1
                bssBANK1                             A0       A0       3E         1

        CLASS   BANK2          
                bssBANK2                            120      120       38         1

        CLASS   BANK3          

        CLASS   BANK4          

        CLASS   BIGRAM         

        CLASS   RAM            

        CLASS   ABS1           
                abs_s1                               7E       7E        2         1

        CLASS   SFR0           

        CLASS   SFR1           

        CLASS   SFR2           

        CLASS   SFR3           

        CLASS   SFR4           

        CLASS   SFR5           

        CLASS   SFR6           

        CLASS   SFR7           

        CLASS   SFR8           

        CLASS   SFR9           

        CLASS   SFR10          

        CLASS   SFR11          

        CLASS   SFR12          

        CLASS   SFR13          

        CLASS   SFR14          

        CLASS   SFR15          

        CLASS   SFR16          

        CLASS   SFR17          

        CLASS   SFR18          

        CLASS   SFR19          

        CLASS   SFR20          

        CLASS   SFR21          

        CLASS   SFR22          

        CLASS   SFR23          

        CLASS   SFR24          

        CLASS   SFR25          

        CLASS   SFR26          

        CLASS   SFR27          

        CLASS   SFR28          

        CLASS   SFR29          

        CLASS   SFR30          

        CLASS   SFR31          

        CLASS   CONFIG         
                config                             8007     8007        2         4

        CLASS   IDLOC          

        CLASS   EEDATA         

        CLASS   BANK31         

        CLASS   BANK30         

        CLASS   BANK29         

        CLASS   BANK28         

        CLASS   BANK27         

        CLASS   BANK26         

        CLASS   BANK25         

        CLASS   BANK24         

        CLASS   BANK23         

        CLASS   BANK22         

        CLASS   BANK21         

        CLASS   BANK20         

        CLASS   BANK19         

        CLASS   BANK18         

        CLASS   BANK17         

        CLASS   BANK16         

        CLASS   BANK15         

        CLASS   BANK14         

        CLASS   BANK13         

        CLASS   BANK12         

        CLASS   BANK11         

        CLASS   BANK10         

        CLASS   BANK9          

        CLASS   BANK8          

        CLASS   BANK7          

        CLASS   BANK6          

        CLASS   BANK5          



SEGMENTS        Name                           Load    Length   Top    Selector   Space  Class     Delta

                reset_vec                      000000  000004  000004         0       0  CODE        2
                intentry                       000004  0007AB  0007AF         8       0  CODE        2
                cstackBANK0                    000020  000050  000070        20       1  BANK0       1
                cstackCOMMON                   000070  00000D  00007D        70       1  COMMON      1
                bssBANK1                       0000A0  00004E  0000EE        A0       1  BANK1       1
                bssBANK2                       000120  000038  000158       120       1  BANK2       1
                stringtext1                    0007AF  000034  0007E3       F5E       0  STRCODE     2
                text64                         0007E3  00001C  0007FF       FC6       0  CODE        2
                stringtext2                    0007FF  000014  000813       FFE       0  STRCODE     2
                text90                         000B95  000001  000B96      172A       0  CODE        2
                text51                         000B96  000002  000B98      172C       0  CODE        2
                text67                         000B98  000003  000B9B      1730       0  CODE        2
                text66                         000B9B  000003  000B9E      1736       0  CODE        2
                text65                         000B9E  000003  000BA1      173C       0  CODE        2
                text63                         000BA1  000003  000BA4      1742       0  CODE        2
                text62                         000BA4  000003  000BA7      1748       0  CODE        2
                text61                         000BA7  000003  000BAA      174E       0  CODE        2
                text45                         000BAA  000003  000BAD      1754       0  CODE        2
                text43                         000BAD  000003  000BB0      175A       0  CODE        2
                text39                         000BB0  000003  000BB3      1760       0  CODE        2
                text91                         000BB3  000004  000BB7      1766       0  CODE        2
                text89                         000BB7  000004  000BBB      176E       0  CODE        2
                text69                         000BBB  000004  000BBF      1776       0  CODE        2
                text44                         000BBF  000004  000BC3      177E       0  CODE        2
                text42                         000BC3  000004  000BC7      1786       0  CODE        2
                text41                         000BC7  000005  000BCC      178E       0  CODE        2
                text37                         000BCC  000005  000BD1      1798       0  CODE        2
                text31                         000BD1  000005  000BD6      17A2       0  CODE        2
                text30                         000BD6  000005  000BDB      17AC       0  CODE        2
                text29                         000BDB  000005  000BE0      17B6       0  CODE        2
                text28                         000BE0  000005  000BE5      17C0       0  CODE        2
                text27                         000BE5  000005  000BEA      17CA       0  CODE        2
                text26                         000BEA  000005  000BEF      17D4       0  CODE        2
                text25                         000BEF  000005  000BF4      17DE       0  CODE        2
                text24                         000BF4  000005  000BF9      17E8       0  CODE        2
                text18                         000BF9  000005  000BFE      17F2       0  CODE        2
                text80                         000BFE  000006  000C04      17FC       0  CODE        2
                text79                         000C04  000006  000C0A      1808       0  CODE        2
                text78                         000C0A  000006  000C10      1814       0  CODE        2
                text77                         000C10  000006  000C16      1820       0  CODE        2
                text76                         000C16  000006  000C1C      182C       0  CODE        2
                text40                         000C1C  000006  000C22      1838       0  CODE        2
                text21                         000C22  000006  000C28      1844       0  CODE        2
                text9                          000C28  000006  000C2E      1850       0  CODE        2
                clrtext                        000C2E  000006  000C34      185C       0  CODE        2
                text32                         000C34  000007  000C3B      1868       0  CODE        2
                text81                         000C3B  000008  000C43      1876       0  CODE        2
                text70                         000C43  000008  000C4B      1886       0  CODE        2
                text35                         000C4B  000008  000C53      1896       0  CODE        2
                text74                         000C53  000009  000C5C      18A6       0  CODE        2
                text36                         000C5C  000009  000C65      18B8       0  CODE        2
                text71                         000C65  00000A  000C6F      18CA       0  CODE        2
                text73                         000C6F  00000C  000C7B      18DE       0  CODE        2
                text58                         000C7B  00000D  000C88      18F6       0  CODE        2
                text20                         000C88  00000D  000C95      1910       0  CODE        2
                text17                         000C95  00000D  000CA2      192A       0  CODE        2
                text15                         000CA2  00000D  000CAF      1944       0  CODE        2
                text60                         000CAF  000010  000CBF      195E       0  CODE        2
                text57                         000CBF  000011  000CD0      197E       0  CODE        2
                text56                         000CD0  000011  000CE1      19A0       0  CODE        2
                text55                         000CE1  000011  000CF2      19C2       0  CODE        2
                text54                         000CF2  000011  000D03      19E4       0  CODE        2
                text53                         000D03  000011  000D14      1A06       0  CODE        2
                text49                         000D14  000011  000D25      1A28       0  CODE        2
                text48                         000D25  000011  000D36      1A4A       0  CODE        2
                text47                         000D36  000011  000D47      1A6C       0  CODE        2
                text1                          000D47  000014  000D5B      1A8E       0  CODE        2
                text85                         000D5B  000015  000D70      1AB6       0  CODE        2
                text82                         000D70  000017  000D87      1AE0       0  CODE        2
                text72                         000D87  000018  000D9F      1B0E       0  CODE        2
                text52                         000D9F  000018  000DB7      1B3E       0  CODE        2
                text46                         000DB7  000018  000DCF      1B6E       0  CODE        2
                text68                         000DCF  000019  000DE8      1B9E       0  CODE        2
                text11                         000DE8  00001A  000E02      1BD0       0  CODE        2
                text6                          000E02  00001A  000E1C      1C04       0  CODE        2
                text92                         000E1C  00001B  000E37      1C38       0  CODE        2
                text87                         000E37  000022  000E59      1C6E       0  CODE        2
                text19                         000E59  000023  000E7C      1CB2       0  CODE        2
                text84                         000E7C  000025  000EA1      1CF8       0  CODE        2
                text83                         000EA1  000026  000EC7      1D42       0  CODE        2
                text59                         000EC7  000026  000EED      1D8E       0  CODE        2
                text10                         000EED  000029  000F16      1DDA       0  CODE        2
                text7                          000F16  000029  000F3F      1E2C       0  CODE        2
                text22                         000F3F  00002E  000F6D      1E7E       0  CODE        2
                text23                         000F6D  000030  000F9D      1EDA       0  CODE        2
                text2                          000F9D  000031  000FCE      1F3A       0  CODE        2
                text38                         000FCE  000032  001000      1F9C       0  CODE        2


UNUSED ADDRESS RANGES

        Name                Unused          Largest block    Delta
        BANK1            000EE-000EF               2           1
        BANK2            00158-0016F              18           1
        BANK3            001A0-001EF              50           1
        BANK4            00220-0024F              30           1
        BIGRAM           02000-0216F             170           1
        CODE             00813-00B94             382           2
        COMMON           0007D-0007D               1           1
        CONST            00813-00B94             100           2
        EEDATA           0F000-0F0FF             100           2
        ENTRY            00813-00B94             100           2
        IDLOC            08000-08003               4           2
        RAM              000EE-000EF               2           1
                         00158-0016F              18
                         001A0-001EF              50
                         00220-0024F              30
        SFR0             00000-0001F              20           1
        SFR1             00080-0009F              20           1
        SFR10            00500-0056F              70           1
        SFR11            00580-005EF              70           1
        SFR12            00600-0066F              70           1
        SFR13            00680-006EF              70           1
        SFR14            00700-0076F              70           1
        SFR15            00780-007EF              70           1
        SFR16            00800-0086F              70           1
        SFR17            00880-008EF              70           1
        SFR18            00900-0096F              70           1
        SFR19            00980-009EF              70           1
        SFR2             00100-0011F              20           1
        SFR20            00A00-00A6F              70           1
        SFR21            00A80-00AEF              70           1
        SFR22            00B00-00B6F              70           1
        SFR23            00B80-00BEF              70           1
        SFR24            00C00-00C6F              70           1
        SFR25            00C80-00CEF              70           1
        SFR26            00D00-00D6F              70           1
        SFR27            00D80-00DEF              70           1
        SFR28            00E00-00E6F              70           1
        SFR29            00E80-00EEF              70           1
        SFR3             00180-0019F              20           1
        SFR30            00F00-00F6F              70           1
        SFR31            00F80-00FEF              70           1
        SFR4             00200-0021F              20           1
        SFR5             00280-002EF              70           1
        SFR6             00300-0036F              70           1
        SFR7             00380-003EF              70           1
        SFR8             00400-0046F              70           1
        SFR9             00480-004EF              70           1
        STACK            020D8-0216F              98           1
        STRCODE          00813-00B94             382           2
        STRING           00813-00B94             100           2

                                  Symbol Table

?_BIT2HOUR                                                  cstackCOMMON 00075
?_BIT2SECMIN                                                cstackCOMMON 00075
?___aodiv                                                   cstackBANK0  00020
?___aomod                                                   cstackBANK0  00020
?_abs                                                       cstackCOMMON 00074
?_dtoa                                                      cstackBANK0  00031
?_pad                                                       cstackBANK0  00028
?_printf                                                    cstackBANK0  00067
?_strlen                                                    cstackCOMMON 00071
?_vfpfcnvrt                                                 cstackBANK0  0004F
?_vfprintf                                                  cstackBANK0  0005F
BIT2HOUR@H                                                  cstackBANK0  00021
BIT2HOUR@time                                               cstackBANK0  00022
BIT2HOUR@timeReturn                                         cstackBANK0  00020
BIT2SECMIN@H                                                cstackBANK0  00021
BIT2SECMIN@time                                             cstackBANK0  00022
BIT2SECMIN@timeReturn                                       cstackBANK0  00020
EUSART_SetErrorHandler@interruptHandler                     cstackCOMMON 00071
EUSART_SetFramingErrorHandler@interruptHandler              cstackCOMMON 00071
EUSART_SetOverrunErrorHandler@interruptHandler              cstackCOMMON 00071
EUSART_SetRxInterruptHandler@interruptHandler               cstackCOMMON 00071
EUSART_SetTxInterruptHandler@interruptHandler               cstackCOMMON 00071
EUSART_Write@txData                                         cstackCOMMON 00072
I2C1_Close@returnValue                                      cstackCOMMON 00072
I2C1_MasterOperation@read                                   cstackBANK0  00026
I2C1_MasterOperation@returnValue                            cstackBANK0  00027
I2C1_MasterSendTxData@data                                  cstackCOMMON 00071
I2C1_Open@address                                           cstackCOMMON 00072
I2C1_Open@returnValue                                       cstackCOMMON 00073
I2C1_SetAddressNackCallback@cb                              cstackCOMMON 00076
I2C1_SetAddressNackCallback@ptr                             cstackCOMMON 00078
I2C1_SetBuffer@buffer                                       cstackCOMMON 00074
I2C1_SetBuffer@bufferSize                                   cstackCOMMON 00071
I2C1_SetCallback@cb                                         cstackCOMMON 00071
I2C1_SetCallback@idx                                        cstackCOMMON 00075
I2C1_SetCallback@ptr                                        cstackCOMMON 00073
I2C1_SetDataCompleteCallback@cb                             cstackCOMMON 00076
I2C1_SetDataCompleteCallback@ptr                            cstackCOMMON 00078
PWM3_LoadDutyValue@dutyValue                                cstackCOMMON 00071
_ADCON0                                                     (abs)        0009D
_ADCON0bits                                                 (abs)        0009D
_ADCON1                                                     (abs)        0009E
_ADC_Initialize                                             text81       00C3B
_ADRESH                                                     (abs)        0009C
_ADRESL                                                     (abs)        0009B
_ANSELA                                                     (abs)        0018C
_ANSELB                                                     (abs)        0018D
_APFCON0                                                    (abs)        0011D
_APFCON1                                                    (abs)        0011E
_BAUDCON                                                    (abs)        0019F
_BIT2HOUR                                                   text84       00E7C
_BIT2SECMIN                                                 text83       00EA1
_BORCON                                                     (abs)        00116
_CCP3CON                                                    (abs)        00313
_CCPR3H                                                     (abs)        00312
_CCPR3L                                                     (abs)        00311
_CCPTMRS0bits                                               (abs)        0029E
_EUSART_DefaultErrorHandler                                 text91       00BB3
_EUSART_DefaultFramingErrorHandler                          text90       00B95
_EUSART_DefaultOverrunErrorHandler                          text89       00BB7
_EUSART_ErrorHandler                                        bssBANK1     000CB
_EUSART_FramingErrorHandler                                 bssBANK1     000CF
_EUSART_Initialize                                          text75       006FA
_EUSART_OverrunErrorHandler                                 bssBANK1     000CD
_EUSART_Receive_ISR                                         text88       00738
_EUSART_RxDataHandler                                       text92       00E1C
_EUSART_RxDefaultInterruptHandler                           bssBANK1     000D1
_EUSART_SetErrorHandler                                     text80       00BFE
_EUSART_SetFramingErrorHandler                              text79       00C04
_EUSART_SetOverrunErrorHandler                              text78       00C0A
_EUSART_SetRxInterruptHandler                               text77       00C10
_EUSART_SetTxInterruptHandler                               text76       00C16
_EUSART_Transmit_ISR                                        text87       00E37
_EUSART_TxDefaultInterruptHandler                           bssBANK1     000D3
_EUSART_Write                                               text10       00EED
_I2C1_CallbackReturnReset                                   text50       00002
_I2C1_CallbackReturnStop                                    text51       00B96
_I2C1_Close                                                 text64       007E3
_I2C1_DO_ADDRESS_NACK                                       text23       00F6D
_I2C1_DO_IDLE                                               text37       00BCC
_I2C1_DO_RCEN                                               text32       00C34
_I2C1_DO_RESET                                              text24       00BF4
_I2C1_DO_RX                                                 text33       0066F
_I2C1_DO_RX_ACK                                             text27       00BE5
_I2C1_DO_RX_NACK_RESTART                                    text25       00BEF
_I2C1_DO_RX_NACK_STOP                                       text26       00BEA
_I2C1_DO_SEND_ADR_READ                                      text36       00C5C
_I2C1_DO_SEND_ADR_WRITE                                     text35       00C4B
_I2C1_DO_SEND_RESTART                                       text29       00BDB
_I2C1_DO_SEND_RESTART_READ                                  text31       00BD1
_I2C1_DO_SEND_RESTART_WRITE                                 text30       00BD6
_I2C1_DO_SEND_STOP                                          text28       00BE0
_I2C1_DO_TX                                                 text34       005C8
_I2C1_DO_TX_EMPTY                                           text38       00FCE
_I2C1_Initialize                                            text74       00C53
_I2C1_MasterClearIrq                                        text67       00B98
_I2C1_MasterClose                                           text66       00B9B
_I2C1_MasterDisableIrq                                      text65       00B9E
_I2C1_MasterEnableRestart                                   text62       00BA4
_I2C1_MasterFsm                                             text22       00F3F
_I2C1_MasterGetRxData                                       text43       00BAD
_I2C1_MasterIsNack                                          text40       00C1C
_I2C1_MasterOpen                                            text17       00C95
_I2C1_MasterOperation                                       text19       00E59
_I2C1_MasterSendAck                                         text42       00BC3
_I2C1_MasterSendNack                                        text44       00BBF
_I2C1_MasterSendTxData                                      text41       00BC7
_I2C1_MasterSetIrq                                          text39       00BB0
_I2C1_MasterStart                                           text63       00BA1
_I2C1_MasterStartRx                                         text45       00BAA
_I2C1_MasterStop                                            text61       00BA7
_I2C1_MasterWaitForEvent                                    text21       00C22
_I2C1_MasterWrite                                           text18       00BF9
_I2C1_Open                                                  text16       00775
_I2C1_Poller                                                text20       00C88
_I2C1_SetAddressNackCallback                                text15       00CA2
_I2C1_SetBuffer                                             text60       00CAF
_I2C1_SetCallback                                           text59       00EC7
_I2C1_SetDataCompleteCallback                               text58       00C7B
_I2C1_Status                                                bssBANK1     000A0
_INTCONbits                                                 (abs)        0000B
_INTERRUPT_InterruptManager                                 intentry     00004
_LATA                                                       (abs)        0010C
_LATB                                                       (abs)        0010D
_OPTION_REGbits                                             (abs)        00095
_OSCCON                                                     (abs)        00099
_OSCILLATOR_Initialize                                      text73       00C6F
_OSCTUNE                                                    (abs)        00098
_PIE1bits                                                   (abs)        00091
_PIN_MANAGER_Initialize                                     text72       00D87
_PIR1bits                                                   (abs)        00011
_PIR2bits                                                   (abs)        00012
_PLLR                                                       (abs)        004D6
_PR2                                                        (abs)        0001B
_PWM3_Initialize                                            text71       00C65
_PWM3_LoadDutyValue                                         text82       00D70
_RCREG                                                      (abs)        00199
_RCSTA                                                      (abs)        0019D
_RCSTAbits                                                  (abs)        0019D
_SPBRGH                                                     (abs)        0019C
_SPBRGL                                                     (abs)        0019B
_SSP1ADD                                                    (abs)        00212
_SSP1BUF                                                    (abs)        00211
_SSP1CON1                                                   (abs)        00215
_SSP1CON1bits                                               (abs)        00215
_SSP1CON2                                                   (abs)        00216
_SSP1CON2bits                                               (abs)        00216
_SSP1STAT                                                   (abs)        00214
_SSP1STATbits                                               (abs)        00214
_SYSTEM_Initialize                                          text68       00DCF
_T2CON                                                      (abs)        0001C
_T2CONbits                                                  (abs)        0001C
_TMR2                                                       (abs)        0001A
_TMR2_Initialize                                            text70       00C43
_TRISA                                                      (abs)        0008C
_TRISA3                                                     (abs)        00463
_TRISB                                                      (abs)        0008D
_TXREG                                                      (abs)        0019A
_TXSTA                                                      (abs)        0019E
_TXSTAbits                                                  (abs)        0019E
_WDTCON                                                     (abs)        00097
_WDT_Initialize                                             text69       00BBB
_WPUA                                                       (abs)        0020C
_WPUB                                                       (abs)        0020D
__Habs1                                                     abs1         00000
__Hbank0                                                    bank0        00000
__Hbank1                                                    bank1        00000
__Hbank10                                                   bank10       00000
__Hbank11                                                   bank11       00000
__Hbank12                                                   bank12       00000
__Hbank13                                                   bank13       00000
__Hbank14                                                   bank14       00000
__Hbank15                                                   bank15       00000
__Hbank16                                                   bank16       00000
__Hbank17                                                   bank17       00000
__Hbank18                                                   bank18       00000
__Hbank19                                                   bank19       00000
__Hbank2                                                    bank2        00000
__Hbank20                                                   bank20       00000
__Hbank21                                                   bank21       00000
__Hbank22                                                   bank22       00000
__Hbank23                                                   bank23       00000
__Hbank24                                                   bank24       00000
__Hbank25                                                   bank25       00000
__Hbank26                                                   bank26       00000
__Hbank27                                                   bank27       00000
__Hbank28                                                   bank28       00000
__Hbank29                                                   bank29       00000
__Hbank3                                                    bank3        00000
__Hbank30                                                   bank30       00000
__Hbank31                                                   bank31       00000
__Hbank4                                                    bank4        00000
__Hbank5                                                    bank5        00000
__Hbank6                                                    bank6        00000
__Hbank7                                                    bank7        00000
__Hbank8                                                    bank8        00000
__Hbank9                                                    bank9        00000
__Hbigram                                                   bigram       00000
__HbssBANK1                                                 bssBANK1     00000
__HbssBANK2                                                 bssBANK2     00000
__HbssCOMMON                                                bssCOMMON    00000
__Hcinit                                                    cinit        00045
__Hclrtext                                                  clrtext      00000
__Hcode                                                     code         00000
__Hcommon                                                   common       00000
__Hconfig                                                   config       08009
__HcstackBANK0                                              cstackBANK0  00000
__HcstackBANK1                                              cstackBANK1  00000
__HcstackCOMMON                                             cstackCOMMON 00000
__Heeprom_data                                              eeprom_data  00000
__Hend_init                                                 end_init     00030
__Hfunctab                                                  functab      00000
__Hinit                                                     init         0002E
__Hintentry                                                 intentry     0002E
__Hmaintext                                                 maintext     00000
__Hpowerup                                                  powerup      00000
__Hram                                                      ram          00000
__Hreset_vec                                                reset_vec    00002
__Hsfr0                                                     sfr0         00000
__Hsfr1                                                     sfr1         00000
__Hsfr10                                                    sfr10        00000
__Hsfr11                                                    sfr11        00000
__Hsfr12                                                    sfr12        00000
__Hsfr13                                                    sfr13        00000
__Hsfr14                                                    sfr14        00000
__Hsfr15                                                    sfr15        00000
__Hsfr16                                                    sfr16        00000
__Hsfr17                                                    sfr17        00000
__Hsfr18                                                    sfr18        00000
__Hsfr19                                                    sfr19        00000
__Hsfr2                                                     sfr2         00000
__Hsfr20                                                    sfr20        00000
__Hsfr21                                                    sfr21        00000
__Hsfr22                                                    sfr22        00000
__Hsfr23                                                    sfr23        00000
__Hsfr24                                                    sfr24        00000
__Hsfr25                                                    sfr25        00000
__Hsfr26                                                    sfr26        00000
__Hsfr27                                                    sfr27        00000
__Hsfr28                                                    sfr28        00000
__Hsfr29                                                    sfr29        00000
__Hsfr3                                                     sfr3         00000
__Hsfr30                                                    sfr30        00000
__Hsfr31                                                    sfr31        00000
__Hsfr4                                                     sfr4         00000
__Hsfr5                                                     sfr5         00000
__Hsfr6                                                     sfr6         00000
__Hsfr7                                                     sfr7         00000
__Hsfr8                                                     sfr8         00000
__Hsfr9                                                     sfr9         00000
__Hspace_0                                                  (abs)        01000
__Hspace_1                                                  (abs)        00158
__Hspace_2                                                  (abs)        00000
__Hspace_3                                                  (abs)        00000
__Hspace_4                                                  (abs)        10010
__Hstack                                                    stack        00000
__Hstrings                                                  strings      00000
__Hstringtext1                                              stringtext1  00000
__Hstringtext2                                              stringtext2  00000
__Hstringtext3                                              stringtext3  00000
__Htext                                                     text         00000
__Labs1                                                     abs1         00000
__Lbank0                                                    bank0        00000
__Lbank1                                                    bank1        00000
__Lbank10                                                   bank10       00000
__Lbank11                                                   bank11       00000
__Lbank12                                                   bank12       00000
__Lbank13                                                   bank13       00000
__Lbank14                                                   bank14       00000
__Lbank15                                                   bank15       00000
__Lbank16                                                   bank16       00000
__Lbank17                                                   bank17       00000
__Lbank18                                                   bank18       00000
__Lbank19                                                   bank19       00000
__Lbank2                                                    bank2        00000
__Lbank20                                                   bank20       00000
__Lbank21                                                   bank21       00000
__Lbank22                                                   bank22       00000
__Lbank23                                                   bank23       00000
__Lbank24                                                   bank24       00000
__Lbank25                                                   bank25       00000
__Lbank26                                                   bank26       00000
__Lbank27                                                   bank27       00000
__Lbank28                                                   bank28       00000
__Lbank29                                                   bank29       00000
__Lbank3                                                    bank3        00000
__Lbank30                                                   bank30       00000
__Lbank31                                                   bank31       00000
__Lbank4                                                    bank4        00000
__Lbank5                                                    bank5        00000
__Lbank6                                                    bank6        00000
__Lbank7                                                    bank7        00000
__Lbank8                                                    bank8        00000
__Lbank9                                                    bank9        00000
__Lbigram                                                   bigram       00000
__LbssBANK1                                                 bssBANK1     00000
__LbssBANK2                                                 bssBANK2     00000
__LbssCOMMON                                                bssCOMMON    00000
__Lcinit                                                    cinit        00030
__Lclrtext                                                  clrtext      00000
__Lcode                                                     code         00000
__Lcommon                                                   common       00000
__Lconfig                                                   config       00000
__LcstackBANK0                                              cstackBANK0  00000
__LcstackBANK1                                              cstackBANK1  00000
__LcstackCOMMON                                             cstackCOMMON 00000
__Leeprom_data                                              eeprom_data  00000
__Lend_init                                                 end_init     0002E
__Lfunctab                                                  functab      00000
__Linit                                                     init         0002E
__Lintentry                                                 intentry     00004
__Lmaintext                                                 maintext     00000
__Lpowerup                                                  powerup      00000
__Lram                                                      ram          00000
__Lreset_vec                                                reset_vec    00000
__Lsfr0                                                     sfr0         00000
__Lsfr1                                                     sfr1         00000
__Lsfr10                                                    sfr10        00000
__Lsfr11                                                    sfr11        00000
__Lsfr12                                                    sfr12        00000
__Lsfr13                                                    sfr13        00000
__Lsfr14                                                    sfr14        00000
__Lsfr15                                                    sfr15        00000
__Lsfr16                                                    sfr16        00000
__Lsfr17                                                    sfr17        00000
__Lsfr18                                                    sfr18        00000
__Lsfr19                                                    sfr19        00000
__Lsfr2                                                     sfr2         00000
__Lsfr20                                                    sfr20        00000
__Lsfr21                                                    sfr21        00000
__Lsfr22                                                    sfr22        00000
__Lsfr23                                                    sfr23        00000
__Lsfr24                                                    sfr24        00000
__Lsfr25                                                    sfr25        00000
__Lsfr26                                                    sfr26        00000
__Lsfr27                                                    sfr27        00000
__Lsfr28                                                    sfr28        00000
__Lsfr29                                                    sfr29        00000
__Lsfr3                                                     sfr3         00000
__Lsfr30                                                    sfr30        00000
__Lsfr31                                                    sfr31        00000
__Lsfr4                                                     sfr4         00000
__Lsfr5                                                     sfr5         00000
__Lsfr6                                                     sfr6         00000
__Lsfr7                                                     sfr7         00000
__Lsfr8                                                     sfr8         00000
__Lsfr9                                                     sfr9         00000
__Lspace_0                                                  (abs)        00000
__Lspace_1                                                  (abs)        00000
__Lspace_2                                                  (abs)        00000
__Lspace_3                                                  (abs)        00000
__Lspace_4                                                  (abs)        00000
__Lstack                                                    stack        00000
__Lstrings                                                  strings      00000
__Lstringtext1                                              stringtext1  00000
__Lstringtext2                                              stringtext2  00000
__Lstringtext3                                              stringtext3  00000
__Ltext                                                     text         00000
__S0                                                        (abs)        01000
__S1                                                        (abs)        00158
__S2                                                        (abs)        00000
__S3                                                        (abs)        00000
___aodiv                                                    text13       001B5
___aodiv@counter                                            cstackCOMMON 00072
___aodiv@dividend                                           cstackBANK0  00028
___aodiv@divisor                                            cstackBANK0  00020
___aodiv@quotient                                           cstackCOMMON 00074
___aodiv@sign                                               cstackCOMMON 00073
___aomod                                                    text12       003AA
___aomod@counter                                            cstackCOMMON 00072
___aomod@dividend                                           cstackBANK0  00028
___aomod@divisor                                            cstackBANK0  00020
___aomod@sign                                               cstackCOMMON 00073
___bmul                                                     text85       00D5B
___bmul@multiplicand                                        cstackCOMMON 00071
___bmul@multiplier                                          cstackCOMMON 00074
___bmul@product                                             cstackCOMMON 00073
___int_sp                                                   stack        00000
___latbits                                                  (abs)        00001
___sp                                                       stack        00000
___stackhi                                                  (abs)        0216F
___stacklo                                                  (abs)        020D8
__end_of_ADC_Initialize                                     text81       00C43
__end_of_BIT2HOUR                                           text84       00EA1
__end_of_BIT2SECMIN                                         text83       00EC7
__end_of_EUSART_DefaultErrorHandler                         text91       00BB7
__end_of_EUSART_DefaultFramingErrorHandler                  text90       00B96
__end_of_EUSART_DefaultOverrunErrorHandler                  text89       00BBB
__end_of_EUSART_Initialize                                  text75       00738
__end_of_EUSART_Receive_ISR                                 text88       00775
__end_of_EUSART_RxDataHandler                               text92       00E37
__end_of_EUSART_SetErrorHandler                             text80       00C04
__end_of_EUSART_SetFramingErrorHandler                      text79       00C0A
__end_of_EUSART_SetOverrunErrorHandler                      text78       00C10
__end_of_EUSART_SetRxInterruptHandler                       text77       00C16
__end_of_EUSART_SetTxInterruptHandler                       text76       00C1C
__end_of_EUSART_Transmit_ISR                                text87       00E59
__end_of_EUSART_Write                                       text10       00F16
__end_of_I2C1_CallbackReturnReset                           text50       00004
__end_of_I2C1_CallbackReturnStop                            text51       00B98
__end_of_I2C1_Close                                         text64       007FF
__end_of_I2C1_DO_ADDRESS_NACK                               text23       00F9D
__end_of_I2C1_DO_IDLE                                       text37       00BD1
__end_of_I2C1_DO_RCEN                                       text32       00C3B
__end_of_I2C1_DO_RESET                                      text24       00BF9
__end_of_I2C1_DO_RX                                         text33       006BB
__end_of_I2C1_DO_RX_ACK                                     text27       00BEA
__end_of_I2C1_DO_RX_NACK_RESTART                            text25       00BF4
__end_of_I2C1_DO_RX_NACK_STOP                               text26       00BEF
__end_of_I2C1_DO_SEND_ADR_READ                              text36       00C65
__end_of_I2C1_DO_SEND_ADR_WRITE                             text35       00C53
__end_of_I2C1_DO_SEND_RESTART                               text29       00BE0
__end_of_I2C1_DO_SEND_RESTART_READ                          text31       00BD6
__end_of_I2C1_DO_SEND_RESTART_WRITE                         text30       00BDB
__end_of_I2C1_DO_SEND_STOP                                  text28       00BE5
__end_of_I2C1_DO_TX                                         text34       0061F
__end_of_I2C1_DO_TX_EMPTY                                   text38       01000
__end_of_I2C1_Initialize                                    text74       00C5C
__end_of_I2C1_MasterClearIrq                                text67       00B9B
__end_of_I2C1_MasterClose                                   text66       00B9E
__end_of_I2C1_MasterDisableIrq                              text65       00BA1
__end_of_I2C1_MasterEnableRestart                           text62       00BA7
__end_of_I2C1_MasterFsm                                     text22       00F6D
__end_of_I2C1_MasterGetRxData                               text43       00BB0
__end_of_I2C1_MasterIsNack                                  text40       00C22
__end_of_I2C1_MasterOpen                                    text17       00CA2
__end_of_I2C1_MasterOperation                               text19       00E7C
__end_of_I2C1_MasterSendAck                                 text42       00BC7
__end_of_I2C1_MasterSendNack                                text44       00BC3
__end_of_I2C1_MasterSendTxData                              text41       00BCC
__end_of_I2C1_MasterSetIrq                                  text39       00BB3
__end_of_I2C1_MasterStart                                   text63       00BA4
__end_of_I2C1_MasterStartRx                                 text45       00BAD
__end_of_I2C1_MasterStop                                    text61       00BAA
__end_of_I2C1_MasterWaitForEvent                            text21       00C28
__end_of_I2C1_MasterWrite                                   text18       00BFE
__end_of_I2C1_Open                                          text16       007AF
__end_of_I2C1_Poller                                        text20       00C95
__end_of_I2C1_SetAddressNackCallback                        text15       00CAF
__end_of_I2C1_SetBuffer                                     text60       00CBF
__end_of_I2C1_SetCallback                                   text59       00EED
__end_of_I2C1_SetDataCompleteCallback                       text58       00C88
__end_of_INTERRUPT_InterruptManager                         intentry     0002E
__end_of_OSCILLATOR_Initialize                              text73       00C7B
__end_of_PIN_MANAGER_Initialize                             text72       00D9F
__end_of_PWM3_Initialize                                    text71       00C6F
__end_of_PWM3_LoadDutyValue                                 text82       00D87
__end_of_SYSTEM_Initialize                                  text68       00DE8
__end_of_TMR2_Initialize                                    text70       00C4B
__end_of_WDT_Initialize                                     text69       00BBF
__end_of___aodiv                                            text13       002B6
__end_of___aomod                                            text12       00494
__end_of___bmul                                             text85       00D70
__end_of__initialization                                    cinit        00041
__end_of_abs                                                text11       00E02
__end_of_dtoa                                               text4        001B5
__end_of_fputc                                              text8        006FA
__end_of_fputs                                              text7        00F3F
__end_of_i2c1_fsmStateTable                                 stringtext1  007CF
__end_of_i2c_read1ByteRegister                              text14       0066F
__end_of_main                                               maintext     003AA
__end_of_pad                                                text5        005C8
__end_of_printf                                             text1        00D5B
__end_of_putch                                              text9        00C2E
__end_of_rd1RegCompleteHandler                              text55       00CF2
__end_of_rd1RegCompleteHandler@i2c1_master_example$F1361    text49       00D25
__end_of_rd2RegCompleteHandler                              text54       00D03
__end_of_rd2RegCompleteHandler@i2c1_master_example$F1372    text48       00D36
__end_of_rdBlkRegCompleteHandler                            text52       00DB7
__end_of_rdBlkRegCompleteHandler@i2c1_master_example$F1395  text46       00DCF
__end_of_strlen                                             text6        00E1C
__end_of_vfpfcnvrt                                          text3        0056F
__end_of_vfprintf                                           text2        00FCE
__end_of_wr1RegCompleteHandler                              text56       00CE1
__end_of_wr1RegCompleteHandler@i2c1_master_example$F1378    text47       00D47
__end_of_wr2RegCompleteHandler                              text53       00D14
__end_of_wr2RegCompleteHandler@i2c1_master_example$F1384    text57       00CD0
__initialization                                            cinit        00030
__pbssBANK1                                                 bssBANK1     000A0
__pbssBANK2                                                 bssBANK2     00120
__pbssCOMMON                                                bssCOMMON    0007C
__pcstackBANK0                                              cstackBANK0  00020
__pcstackBANK1                                              cstackBANK1  000DE
__pcstackCOMMON                                             cstackCOMMON 00070
__pintentry                                                 intentry     00004
__pmaintext                                                 maintext     002B6
__pstringtext1                                              stringtext1  007AF
__pstringtext2                                              stringtext2  007FF
__pstringtext3                                              stringtext3  00000
__ptext1                                                    text1        00D47
__ptext10                                                   text10       00EED
__ptext11                                                   text11       00DE8
__ptext12                                                   text12       003AA
__ptext13                                                   text13       001B5
__ptext14                                                   text14       0061F
__ptext15                                                   text15       00CA2
__ptext16                                                   text16       00775
__ptext17                                                   text17       00C95
__ptext18                                                   text18       00BF9
__ptext19                                                   text19       00E59
__ptext2                                                    text2        00F9D
__ptext20                                                   text20       00C88
__ptext21                                                   text21       00C22
__ptext22                                                   text22       00F3F
__ptext23                                                   text23       00F6D
__ptext24                                                   text24       00BF4
__ptext25                                                   text25       00BEF
__ptext26                                                   text26       00BEA
__ptext27                                                   text27       00BE5
__ptext28                                                   text28       00BE0
__ptext29                                                   text29       00BDB
__ptext3                                                    text3        00494
__ptext30                                                   text30       00BD6
__ptext31                                                   text31       00BD1
__ptext32                                                   text32       00C34
__ptext33                                                   text33       0066F
__ptext34                                                   text34       005C8
__ptext35                                                   text35       00C4B
__ptext36                                                   text36       00C5C
__ptext37                                                   text37       00BCC
__ptext38                                                   text38       00FCE
__ptext39                                                   text39       00BB0
__ptext4                                                    text4        00045
__ptext40                                                   text40       00C1C
__ptext41                                                   text41       00BC7
__ptext42                                                   text42       00BC3
__ptext43                                                   text43       00BAD
__ptext44                                                   text44       00BBF
__ptext45                                                   text45       00BAA
__ptext46                                                   text46       00DB7
__ptext47                                                   text47       00D36
__ptext48                                                   text48       00D25
__ptext49                                                   text49       00D14
__ptext5                                                    text5        0056F
__ptext50                                                   text50       00002
__ptext51                                                   text51       00B96
__ptext52                                                   text52       00D9F
__ptext53                                                   text53       00D03
__ptext54                                                   text54       00CF2
__ptext55                                                   text55       00CE1
__ptext56                                                   text56       00CD0
__ptext57                                                   text57       00CBF
__ptext58                                                   text58       00C7B
__ptext59                                                   text59       00EC7
__ptext6                                                    text6        00E02
__ptext60                                                   text60       00CAF
__ptext61                                                   text61       00BA7
__ptext62                                                   text62       00BA4
__ptext63                                                   text63       00BA1
__ptext64                                                   text64       007E3
__ptext65                                                   text65       00B9E
__ptext66                                                   text66       00B9B
__ptext67                                                   text67       00B98
__ptext68                                                   text68       00DCF
__ptext69                                                   text69       00BBB
__ptext7                                                    text7        00F16
__ptext70                                                   text70       00C43
[...]
__size_of_I2C1_MasterSendNack                               (abs)        00000
__size_of_I2C1_MasterSendTxData                             (abs)        00000
__size_of_I2C1_MasterSetIrq                                 (abs)        00000
__size_of_I2C1_MasterStart                                  (abs)        00000
__size_of_I2C1_MasterStartRx                                (abs)        00000
__size_of_I2C1_MasterStop                                   (abs)        00000
__size_of_I2C1_MasterWaitForEvent                           (abs)        00000
__size_of_I2C1_MasterWrite                                  (abs)        00000
__size_of_I2C1_Open                                         (abs)        00000
__size_of_I2C1_Poller                                       (abs)        00000
__size_of_I2C1_SetAddressNackCallback                       (abs)        00000
__size_of_I2C1_SetBuffer                                    (abs)        00000
__size_of_I2C1_SetCallback                                  (abs)        00000
__size_of_I2C1_SetDataCompleteCallback                      (abs)        00000
__size_of_INTERRUPT_InterruptManager                        (abs)        00000
__size_of_OSCILLATOR_Initialize                             (abs)        00000
__size_of_PIN_MANAGER_Initialize                            (abs)        00000
__size_of_PWM3_Initialize                                   (abs)        00000
__size_of_PWM3_LoadDutyValue                                (abs)        00000
__size_of_SYSTEM_Initialize                                 (abs)        00000
__size_of_TMR2_Initialize                                   (abs)        00000
__size_of_WDT_Initialize                                    (abs)        00000
__size_of___aodiv                                           (abs)        00000
__size_of___aomod                                           (abs)        00000
__size_of___bmul                                            (abs)        00000
__size_of_abs                                               (abs)        00000
__size_of_dtoa                                              (abs)        00000
__size_of_fputc                                             (abs)        00000
__size_of_fputs                                             (abs)        00000
__size_of_i2c_read1ByteRegister                             (abs)        00000
__size_of_main                                              (abs)        00000
__size_of_pad                                               (abs)        00000
__size_of_printf                                            (abs)        00000
__size_of_putch                                             (abs)        00000
__size_of_rd1RegCompleteHandler                             (abs)        00000
__size_of_rd1RegCompleteHandler@i2c1_master_example$F1361   (abs)        00000
__size_of_rd2RegCompleteHandler                             (abs)        00000
__size_of_rd2RegCompleteHandler@i2c1_master_example$F1372   (abs)        00000
__size_of_rdBlkRegCompleteHandler                           (abs)        00000
__size_of_rdBlkRegCompleteHandler@i2c1_master_example$F1395 (abs)        00000
__size_of_strlen                                            (abs)        00000
__size_of_vfpfcnvrt                                         (abs)        00000
__size_of_vfprintf                                          (abs)        00000
__size_of_wr1RegCompleteHandler                             (abs)        00000
__size_of_wr1RegCompleteHandler@i2c1_master_example$F1378   (abs)        00000
__size_of_wr2RegCompleteHandler                             (abs)        00000
__size_of_wr2RegCompleteHandler@i2c1_master_example$F1384   (abs)        00000
_abs                                                        text11       00DE8
_alarmFlag                                                  bssBANK1     000D7
_alarmHour                                                  bssBANK1     000C7
_alarmLength                                                bssBANK1     000C5
_alarmMin                                                   bssBANK1     000C9
_dbuf                                                       bssBANK2     00138
_dtoa                                                       text4        00045
_dtoa$1961                                                  cstackBANK0  0003C
_eusartRxBuffer                                             bssBANK2     00128
_eusartRxCount                                              bssBANK1     000D9
_eusartRxHead                                               bssCOMMON    0007C
_eusartRxLastError                                          bssBANK1     000D8
_eusartRxStatusBuffer                                       bssBANK2     00120
_eusartRxTail                                               bssBANK1     000DA
_eusartTxBuffer                                             bssBANK2     00130
_eusartTxBufferRemaining                                    bssBANK1     000DB
_eusartTxHead                                               bssBANK1     000DD
_eusartTxTail                                               bssBANK1     000DC
_flags                                                      bssBANK1     000C3
_fputc                                                      text8        006BB
_fputs                                                      text7        00F16
_i2c1_fsmStateTable                                         stringtext1  007AF
_i2c_read1ByteRegister                                      text14       0061F
_main                                                       maintext     002B6
_nout                                                       bssBANK1     000BD
_pad                                                        text5        0056F
_prec                                                       bssBANK1     000C1
_printf                                                     text1        00D47
_putch                                                      text9        00C28
_rd1RegCompleteHandler                                      text55       00CE1
_rd1RegCompleteHandler@i2c1_master_example$F1361            text49       00D14
_rd2RegCompleteHandler                                      text54       00CF2
_rd2RegCompleteHandler@i2c1_master_example$F1372            text48       00D25
_rdBlkRegCompleteHandler                                    text52       00D9F
_rdBlkRegCompleteHandler@i2c1_master_example$F1395          text46       00DB7
_strlen                                                     text6        00E02
_vfpfcnvrt                                                  text3        00494
_vfprintf                                                   text2        00F9D
_width                                                      bssBANK1     000BF
_wr1RegCompleteHandler                                      text56       00CD0
_wr1RegCompleteHandler@i2c1_master_example$F1378            text47       00D36
_wr2RegCompleteHandler                                      text53       00D03
_wr2RegCompleteHandler@i2c1_master_example$F1384            text57       00CBF
abs@a                                                       cstackCOMMON 00074
btemp                                                       (abs)        0007E
clear_ram0                                                  clrtext      00C2E
dtoa@d                                                      cstackBANK0  00031
dtoa@fp                                                     cstackBANK0  0003E
dtoa@i                                                      cstackBANK0  0004D
dtoa@n                                                      cstackBANK0  00045
dtoa@p                                                      cstackBANK0  0003F
dtoa@s                                                      cstackBANK0  00043
dtoa@w                                                      cstackBANK0  00041
end_of_initialization                                       cinit        00041
fputc@c                                                     cstackCOMMON 00074
fputc@fp                                                    cstackCOMMON 00076
fputs@c                                                     cstackBANK0  00024
fputs@fp                                                    cstackBANK0  00020
fputs@i                                                     cstackBANK0  00025
fputs@s                                                     cstackBANK0  00027
i2c_read1ByteRegister@address                               cstackBANK0  0002A
i2c_read1ByteRegister@d2                                    cstackBANK0  0002E
i2c_read1ByteRegister@e                                     cstackBANK0  0002B
i2c_read1ByteRegister@reg                                   cstackBANK0  00028
i2c_read1ByteRegister@x                                     cstackBANK0  0002C
int$flags                                                   (abs)        0007E
intlevel0                                                   functab      00000
intlevel1                                                   functab      00000
intlevel2                                                   functab      00000
intlevel3                                                   functab      00000
intlevel4                                                   functab      00000
intlevel5                                                   functab      00000
main@brightness                                             cstackBANK1  000EA
main@hours                                                  cstackBANK1  000E8
main@increment                                              cstackBANK1  000E6
main@maxBrightness                                          cstackBANK1  000E2
main@minutes                                                cstackBANK1  000EC
main@seconds                                                cstackBANK1  000E4
pad@buf                                                     cstackBANK0  00028
pad@fp                                                      cstackBANK0  00030
pad@i                                                       cstackBANK0  0002C
pad@p                                                       cstackBANK0  00029
pad@w                                                       cstackBANK0  0002E
printf@ap                                                   cstackBANK1  000DE
printf@fmt                                                  cstackBANK0  00067
putch@txData                                                cstackCOMMON 00073
rd1RegCompleteHandler@i2c1_master_example$F1361@ptr         cstackCOMMON 0007A
rd1RegCompleteHandler@p                                     cstackCOMMON 0007A
rd2RegCompleteHandler@i2c1_master_example$F1372@ptr         cstackCOMMON 0007A
rd2RegCompleteHandler@p                                     cstackCOMMON 0007A
rdBlkRegCompleteHandler@i2c1_master_example$F1395@ptr       cstackCOMMON 0007A
rdBlkRegCompleteHandler@p                                   cstackCOMMON 0007A
reset_vec                                                   reset_vec    00000
start                                                       init         0002E
start_initialization                                        cinit        00030
strlen@a                                                    cstackCOMMON 00074
strlen@s                                                    cstackCOMMON 00075
vfpfcnvrt@ap                                                cstackBANK0  00050
vfpfcnvrt@fmt                                               cstackBANK0  0004F
vfpfcnvrt@fp                                                cstackBANK0  0005E
vfpfcnvrt@ll                                                cstackBANK0  00056
vfprintf@ap                                                 cstackBANK0  00061
vfprintf@cfmt                                               cstackBANK0  00065
vfprintf@fmt                                                cstackBANK0  0005F
vfprintf@fp                                                 cstackBANK0  00064
wr1RegCompleteHandler@i2c1_master_example$F1378@ptr         cstackCOMMON 0007A
wr1RegCompleteHandler@p                                     cstackCOMMON 0007A
wr2RegCompleteHandler@i2c1_master_example$F1384@ptr         cstackCOMMON 0007A
wr2RegCompleteHandler@p                                     cstackCOMMON 0007A
wtemp0                                                      (abs)        0007E


MODULE INFORMATION

Module		Function		Class		Link	Load	Size
mcc_generated_files/examples/i2c1_master_example.c
		_wr2RegCompleteHandler@i2c1_master_example$F1384		CODE           	0CBF	0000	17
		_rd1RegCompleteHandler@i2c1_master_example$F1361		CODE           	0D14	0000	17
		_rd2RegCompleteHandler@i2c1_master_example$F1372		CODE           	0D25	0000	17
		_rdBlkRegCompleteHandler@i2c1_master_example$F1395		CODE           	0DB7	0000	24
		_wr1RegCompleteHandler@i2c1_master_example$F1378		CODE           	0D36	0000	17

mcc_generated_files/examples/i2c1_master_example.c estimated size: 92

C:\Program Files\Microchip\xc8\v2.32\pic\sources\c99\common\doprnt.c
		_vfpfcnvrt     		CODE           	0494	0000	219
		_pad           		CODE           	056F	0000	89
		_dtoa          		CODE           	0045	0000	368
		_vfprintf      		CODE           	0F9D	0000	49

C:\Program Files\Microchip\xc8\v2.32\pic\sources\c99\common\doprnt.c estimated size: 725

mcc_generated_files/i2c1_master.c
		_I2C1_DO_SEND_RESTART		CODE           	0BDB	0000	5
		_I2C1_DO_TX_EMPTY		CODE           	0FCE	0000	50
		_I2C1_DO_SEND_RESTART_READ		CODE           	0BD1	0000	5
		_I2C1_CallbackReturnStop		CODE           	0B96	0000	2
		_I2C1_DO_RX    		CODE           	066F	0000	76
		_I2C1_DO_TX    		CODE           	05C8	0000	87
		_I2C1_SetAddressNackCallback		CODE           	0CA2	0000	13
		_I2C1_DO_IDLE  		CODE           	0BCC	0000	5
		_I2C1_MasterOpen		CODE           	0C95	0000	13
		_I2C1_DO_RCEN  		CODE           	0C34	0000	7
		_I2C1_MasterSendTxData		CODE           	0BC7	0000	5
		_I2C1_MasterStop		CODE           	0BA7	0000	3
		_I2C1_CallbackReturnReset		CODE           	0002	0000	2
		_I2C1_DO_RESET 		CODE           	0BF4	0000	5
		_I2C1_MasterStartRx		CODE           	0BAA	0000	3
		_I2C1_Poller   		CODE           	0C88	0000	13
		_I2C1_DO_RX_ACK		CODE           	0BE5	0000	5
		_I2C1_MasterWaitForEvent		CODE           	0C22	0000	6
		_I2C1_MasterSendNack		CODE           	0BBF	0000	4
		_I2C1_DO_RX_NACK_RESTART		CODE           	0BEF	0000	5
		_I2C1_MasterDisableIrq		CODE           	0B9E	0000	3
		_I2C1_MasterOperation		CODE           	0E59	0000	35
		_I2C1_SetCallback		CODE           	0EC7	0000	38
		_I2C1_MasterEnableRestart		CODE           	0BA4	0000	3
		_I2C1_Open     		CODE           	0775	0000	58
		_I2C1_DO_ADDRESS_NACK		CODE           	0F6D	0000	48
		_I2C1_SetBuffer		CODE           	0CAF	0000	16
		_I2C1_DO_SEND_RESTART_WRITE		CODE           	0BD6	0000	5
		_I2C1_MasterClose		CODE           	0B9B	0000	3
		_I2C1_MasterWrite		CODE           	0BF9	0000	5
		_I2C1_Initialize		CODE           	0C53	0000	9
		_I2C1_Close    		CODE           	07E3	0000	28
		_I2C1_MasterIsNack		CODE           	0C1C	0000	6
		_I2C1_MasterStart		CODE           	0BA1	0000	3
		_I2C1_DO_SEND_ADR_WRITE		CODE           	0C4B	0000	8
		_I2C1_MasterClearIrq		CODE           	0B98	0000	3
		_I2C1_SetDataCompleteCallback		CODE           	0C7B	0000	13
		_I2C1_DO_SEND_STOP		CODE           	0BE0	0000	5
		_I2C1_MasterSendAck		CODE           	0BC3	0000	4
		_I2C1_MasterFsm		CODE           	0F3F	0000	46
		_I2C1_MasterGetRxData		CODE           	0BAD	0000	3
		_I2C1_MasterSetIrq		CODE           	0BB0	0000	3
		_I2C1_DO_SEND_ADR_READ		CODE           	0C5C	0000	9
		_I2C1_DO_RX_NACK_STOP		CODE           	0BEA	0000	5

mcc_generated_files/i2c1_master.c estimated size: 673

mcc_generated_files/tmr2.c
		_TMR2_Initialize		CODE           	0C43	0000	8

mcc_generated_files/tmr2.c estimated size: 8

mcc_generated_files/interrupt_manager.c
		_INTERRUPT_InterruptManager		CODE           	0004	0000	42

mcc_generated_files/interrupt_manager.c estimated size: 42

mcc_generated_files/pin_manager.c
		_PIN_MANAGER_Initialize		CODE           	0D87	0000	24

mcc_generated_files/pin_manager.c estimated size: 24

C:\Program Files\Microchip\xc8\v2.32\pic\sources\c99\common\nf_fputs.c
		_fputs         		CODE           	0F16	0000	41

C:\Program Files\Microchip\xc8\v2.32\pic\sources\c99\common\nf_fputs.c estimated size: 41

mcc_generated_files/adc.c
		_ADC_Initialize		CODE           	0C3B	0000	8

mcc_generated_files/adc.c estimated size: 8

mcc_generated_files/drivers/i2c_simple_master.c
		_wr1RegCompleteHandler		CODE           	0CD0	0000	17
		_wr2RegCompleteHandler		CODE           	0D03	0000	17
		_rdBlkRegCompleteHandler		CODE           	0D9F	0000	24
		_i2c_read1ByteRegister		CODE           	061F	0000	80
		_rd1RegCompleteHandler		CODE           	0CE1	0000	17
		_rd2RegCompleteHandler		CODE           	0CF2	0000	17

mcc_generated_files/drivers/i2c_simple_master.c estimated size: 172

C:\Program Files\Microchip\xc8\v2.32\pic\sources\c99\common\abs.c
		_abs           		CODE           	0DE8	0000	26

C:\Program Files\Microchip\xc8\v2.32\pic\sources\c99\common\abs.c estimated size: 26

C:\Program Files\Microchip\xc8\v2.32\pic\sources\c99\common\aomod.c
		___aomod       		CODE           	03AA	0000	234

C:\Program Files\Microchip\xc8\v2.32\pic\sources\c99\common\aomod.c estimated size: 234

shared
		__initialization		CODE           	0030	0000	17
		_i2c1_fsmStateTable		STRCODE        	07AF	0000	32

shared estimated size: 49

mcc_generated_files/mcc.c
		_WDT_Initialize		CODE           	0BBB	0000	4
		_OSCILLATOR_Initialize		CODE           	0C6F	0000	12
		_SYSTEM_Initialize		CODE           	0DCF	0000	25

mcc_generated_files/mcc.c estimated size: 41

mcc_generated_files/pwm3.c
		_PWM3_Initialize		CODE           	0C65	0000	10
		_PWM3_LoadDutyValue		CODE           	0D70	0000	23

mcc_generated_files/pwm3.c estimated size: 33

C:\Program Files\Microchip\xc8\v2.32\pic\sources\c99\common\printf.c
		_printf        		CODE           	0D47	0000	20

C:\Program Files\Microchip\xc8\v2.32\pic\sources\c99\common\printf.c estimated size: 20

C:\Program Files\Microchip\xc8\v2.32\pic\sources\c99\common\nf_fputc.c
		_fputc         		CODE           	06BB	0000	63

C:\Program Files\Microchip\xc8\v2.32\pic\sources\c99\common\nf_fputc.c estimated size: 63

mcc_generated_files/eusart.c
		_EUSART_SetRxInterruptHandler		CODE           	0C10	0000	6
		_EUSART_SetTxInterruptHandler		CODE           	0C16	0000	6
		_putch         		CODE           	0C28	0000	6
		_EUSART_DefaultOverrunErrorHandler		CODE           	0BB7	0000	4
		_EUSART_Write  		CODE           	0EED	0000	41
		_EUSART_DefaultErrorHandler		CODE           	0BB3	0000	4
		_EUSART_Transmit_ISR		CODE           	0E37	0000	34
		_EUSART_Initialize		CODE           	06FA	0000	62
		_EUSART_SetFramingErrorHandler		CODE           	0C04	0000	6
		_EUSART_SetErrorHandler		CODE           	0BFE	0000	6
		_EUSART_SetOverrunErrorHandler		CODE           	0C0A	0000	6
		_EUSART_Receive_ISR		CODE           	0738	0000	61
		_EUSART_RxDataHandler		CODE           	0E1C	0000	27
		_EUSART_DefaultFramingErrorHandler		CODE           	0B95	0000	1

mcc_generated_files/eusart.c estimated size: 270

C:\Program Files\Microchip\xc8\v2.32\pic\sources\c99\common\aodiv.c
		___aodiv       		CODE           	01B5	0000	257

C:\Program Files\Microchip\xc8\v2.32\pic\sources\c99\common\aodiv.c estimated size: 257

C:\Program Files\Microchip\xc8\v2.32\pic\sources\c99\common\Umul8.c
		___bmul        		CODE           	0D5B	0000	21

C:\Program Files\Microchip\xc8\v2.32\pic\sources\c99\common\Umul8.c estimated size: 21

main.c
		_BIT2HOUR      		CODE           	0E7C	0000	37
		_main          		CODE           	02B6	0000	244
		_BIT2SECMIN    		CODE           	0EA1	0000	38

main.c estimated size: 319

C:\Program Files\Microchip\xc8\v2.32\pic\sources\c99\common\strlen.c
		_strlen        		CODE           	0E02	0000	26

C:\Program Files\Microchip\xc8\v2.32\pic\sources\c99\common\strlen.c estimated size: 26

